12-09 01:46:34.874 22862 22862 E AndroidRuntime: 	at android.content.pm.IPackageManager$Stub$Proxy.getLastChosenActivity(IPackageManager.java:5744)
12-09 01:46:34.874 22862 22862 E AndroidRuntime: 	at com.android.intentresolver.ResolverListController.getLastChosen(go/retraceme d710dc7c08d5d1945307a6abb6644ab82ea34ffeb4f4ff1fb0e365b24c7595b4:19)
12-09 01:46:34.874 22862 22862 E AndroidRuntime: 	at com.android.intentresolver.profiles.ChooserMultiProfilePagerAdapter.rebuildTab(go/retraceme d710dc7c08d5d1945307a6abb6644ab82ea34ffeb4f4ff1fb0e365b24c7595b4:339)
12-09 01:46:34.874 22862 22862 E AndroidRuntime: 	at com.android.intentresolver.profiles.MultiProfilePagerAdapter.rebuildActiveTab(go/retraceme d710dc7c08d5d1945307a6abb6644ab82ea34ffeb4f4ff1fb0e365b24c7595b4:11)
12-09 01:46:34.874 22862 22862 E AndroidRuntime: 	at com.android.intentresolver.profiles.MultiProfilePagerAdapter.rebuildTabs(go/retraceme d710dc7c08d5d1945307a6abb6644ab82ea34ffeb4f4ff1fb0e365b24c7595b4:1)
12-09 01:46:34.874 22862 22862 E AndroidRuntime: 	at com.android.intentresolver.ChooserActivity$$ExternalSyntheticLambda3.run(go/retraceme d710dc7c08d5d1945307a6abb6644ab82ea34ffeb4f4ff1fb0e365b24c7595b4:452)
12-09 01:46:34.874 22862 22862 E AndroidRuntime: 	at com.android.intentresolver.ChooserHelper.onCreate(go/retraceme d710dc7c08d5d1945307a6abb6644ab82ea34ffeb4f4ff1fb0e365b24c7595b4:236)
12-09 01:46:34.874 22862 22862 E AndroidRuntime: 	at androidx.lifecycle.DefaultLifecycleObserverAdapter.onStateChanged(go/retraceme d710dc7c08d5d1945307a6abb6644ab82ea34ffeb4f4ff1fb0e365b24c7595b4:43)
12-09 01:46:34.874 22862 22862 E AndroidRuntime: 	at androidx.lifecycle.LifecycleRegistry$ObserverWithState.dispatchEvent(go/retraceme d710dc7c08d5d1945307a6abb6644ab82ea34ffeb4f4ff1fb0e365b24c7595b4:23)
12-09 01:46:34.874 22862 22862 E AndroidRuntime: 	at androidx.lifecycle.LifecycleRegistry.sync(go/retraceme d710dc7c08d5d1945307a6abb6644ab82ea34ffeb4f4ff1fb0e365b24c7595b4:341)
12-09 01:46:34.874 22862 22862 E AndroidRuntime: 	at androidx.lifecycle.LifecycleRegistry.moveToState(go/retraceme d710dc7c08d5d1945307a6abb6644ab82ea34ffeb4f4ff1fb0e365b24c7595b4:77)
12-09 01:46:34.874 22862 22862 E AndroidRuntime: 	at androidx.lifecycle.LifecycleRegistry.handleLifecycleEvent(go/retraceme d710dc7c08d5d1945307a6abb6644ab82ea34ffeb4f4ff1fb0e365b24c7595b4:15)
12-09 01:46:34.874 22862 22862 E AndroidRuntime: 	at androidx.lifecycle.ReportFragment$Companion.dispatch$lifecycle_runtime_release(go/retraceme d710dc7c08d5d1945307a6abb6644ab82ea34ffeb4f4ff1fb0e365b24c7595b4:25)
12-09 01:46:34.874 22862 22862 E AndroidRuntime: 	at androidx.lifecycle.ReportFragment$LifecycleCallbacks.onActivityPostCreated(go/retraceme d710dc7c08d5d1945307a6abb6644ab82ea34ffeb4f4ff1fb0e365b24c7595b4:10)
12-09 01:46:34.874 22862 22862 E AndroidRuntime: 	at android.app.Activity.dispatchActivityPostCreated(Activity.java:1553)
12-09 01:46:34.874 22862 22862 E AndroidRuntime: 	at android.app.Activity.performCreate(Activity.java:9013)
12-09 01:46:34.874 22862 22862 E AndroidRuntime: 	at android.app.Activity.performCreate(Activity.java:8980)
12-09 01:46:34.874 22862 22862 E AndroidRuntime: 	at android.app.Instrumentation.callActivityOnCreate(Instrumentation.java:1526)
12-09 01:46:34.874 22862 22862 E AndroidRuntime: 	at android.app.ActivityThread.performLaunchActivity(ActivityThread.java:4030)
12-09 01:46:34.874 22862 22862 E AndroidRuntime: 	... 13 more
12-09 01:46:34.874 22862 22862 E AndroidRuntime: Caused by: android.os.RemoteException: Remote stack trace:
12-09 01:46:34.874 22862 22862 E AndroidRuntime: 	at android.os.Parcel.enforceNoDataAvail(Parcel.java:1060)
12-09 01:46:34.874 22862 22862 E AndroidRuntime: 	at android.content.pm.IPackageManager$Stub.onTransact(IPackageManager.java:2733)
12-09 01:46:34.874 22862 22862 E AndroidRuntime: 	at com.android.server.pm.PackageManagerService$IPackageManagerImpl.onTransact(PackageManagerService.java:6545)
12-09 01:46:34.874 22862 22862 E AndroidRuntime: 	at android.os.Binder.execTransactInternal(Binder.java:1500)
12-09 01:46:34.874 22862 22862 E AndroidRuntime: 	at android.os.Binder.execTransact(Binder.java:1444)
12-09 01:46:34.874 22862 22862 E AndroidRuntime: 
12-09 01:46:41.007 23718 23718 E AndroidRuntime: FATAL EXCEPTION: main
12-09 01:46:41.007 23718 23718 E AndroidRuntime: Process: com.android.intentresolver, PID: 23718
12-09 01:46:41.007 23718 23718 E AndroidRuntime: java.lang.RuntimeException: Unable to start activity ComponentInfo{com.android.intentresolver/com.android.intentresolver.ChooserActivity}: android.os.BadParcelableException: Parcel data not fully consumed, unread size: 44
12-09 01:46:41.007 23718 23718 E AndroidRuntime: 	at android.app.ActivityThread.performLaunchActivity(ActivityThread.java:4048)
12-09 01:46:41.007 23718 23718 E AndroidRuntime: 	at android.app.ActivityThread.handleLaunchActivity(ActivityThread.java:4235)
12-09 01:46:41.007 23718 23718 E AndroidRuntime: 	at android.app.servertransaction.LaunchActivityItem.execute(LaunchActivityItem.java:112)
12-09 01:46:41.007 23718 23718 E AndroidRuntime: 	at android.app.servertransaction.TransactionExecutor.executeNonLifecycleItem(TransactionExecutor.java:174)
12-09 01:46:41.007 23718 23718 E AndroidRuntime: 	at android.app.servertransaction.TransactionExecutor.executeTransactionItems(TransactionExecutor.java:109)
12-09 01:46:41.007 23718 23718 E AndroidRuntime: 	at android.app.servertransaction.TransactionExecutor.execute(TransactionExecutor.java:81)
12-09 01:46:41.007 23718 23718 E AndroidRuntime: 	at android.app.ActivityThread$H.handleMessage(ActivityThread.java:2636)
12-09 01:46:41.007 23718 23718 E AndroidRuntime: 	at android.os.Handler.dispatchMessage(Handler.java:107)
12-09 01:46:41.007 23718 23718 E AndroidRuntime: 	at android.os.Looper.loopOnce(Looper.java:232)
12-09 01:46:41.007 23718 23718 E AndroidRuntime: 	at android.os.Looper.loop(Looper.java:317)
12-09 01:46:41.007 23718 23718 E AndroidRuntime: 	at android.app.ActivityThread.main(ActivityThread.java:8705)
12-09 01:46:41.007 23718 23718 E AndroidRuntime: 	at java.lang.reflect.Method.invoke(Native Method)
12-09 01:46:41.007 23718 23718 E AndroidRuntime: 	at com.android.internal.os.RuntimeInit$MethodAndArgsCaller.run(RuntimeInit.java:580)
12-09 01:46:41.007 23718 23718 E AndroidRuntime: 	at com.android.internal.os.ZygoteInit.main(ZygoteInit.java:886)
12-09 01:46:41.007 23718 23718 E AndroidRuntime: Caused by: android.os.BadParcelableException: Parcel data not fully consumed, unread size: 44
12-09 01:46:41.007 23718 23718 E AndroidRuntime: 	at android.os.Parcel.createExceptionOrNull(Parcel.java:3244)
12-09 01:46:41.007 23718 23718 E AndroidRuntime: 	at android.os.Parcel.createException(Parcel.java:3226)
12-09 01:46:41.007 23718 23718 E AndroidRuntime: 	at android.os.Parcel.readException(Parcel.java:3209)
12-09 01:46:41.007 23718 23718 E AndroidRuntime: 	at android.os.Parcel.readException(Parcel.java:3151)
12-09 01:46:41.007 23718 23718 E AndroidRuntime: 	at android.content.pm.IPackageManager$Stub$Proxy.getLastChosenActivity(IPackageManager.java:5744)
12-09 01:46:41.007 23718 23718 E AndroidRuntime: 	at com.android.intentresolver.ResolverListController.getLastChosen(go/retraceme d710dc7c08d5d1945307a6abb6644ab82ea34ffeb4f4ff1fb0e365b24c7595b4:19)
12-09 01:46:41.007 23718 23718 E AndroidRuntime: 	at com.android.intentresolver.profiles.ChooserMultiProfilePagerAdapter.rebuildTab(go/retraceme d710dc7c08d5d1945307a6abb6644ab82ea34ffeb4f4ff1fb0e365b24c7595b4:339)
12-09 01:46:41.007 23718 23718 E AndroidRuntime: 	at com.android.intentresolver.profiles.MultiProfilePagerAdapter.rebuildActiveTab(go/retraceme d710dc7c08d5d1945307a6abb6644ab82ea34ffeb4f4ff1fb0e365b24c7595b4:11)
12-09 01:46:41.007 23718 23718 E AndroidRuntime: 	at com.android.intentresolver.profiles.MultiProfilePagerAdapter.rebuildTabs(go/retraceme d710dc7c08d5d1945307a6abb6644ab82ea34ffeb4f4ff1fb0e365b24c7595b4:1)
12-09 01:46:41.007 23718 23718 E AndroidRuntime: 	at com.android.intentresolver.ChooserActivity$$ExternalSyntheticLambda3.run(go/retraceme d710dc7c08d5d1945307a6abb6644ab82ea34ffeb4f4ff1fb0e365b24c7595b4:452)
12-09 01:46:41.007 23718 23718 E AndroidRuntime: 	at com.android.intentresolver.ChooserHelper.onCreate(go/retraceme d710dc7c08d5d1945307a6abb6644ab82ea34ffeb4f4ff1fb0e365b24c7595b4:236)
12-09 01:46:41.007 23718 23718 E AndroidRuntime: 	at androidx.lifecycle.DefaultLifecycleObserverAdapter.onStateChanged(go/retraceme d710dc7c08d5d1945307a6abb6644ab82ea34ffeb4f4ff1fb0e365b24c7595b4:43)
12-09 01:46:41.007 23718 23718 E AndroidRuntime: 	at androidx.lifecycle.LifecycleRegistry$ObserverWithState.dispatchEvent(go/retraceme d710dc7c08d5d1945307a6abb6644ab82ea34ffeb4f4ff1fb0e365b24c7595b4:23)
12-09 01:46:41.007 23718 23718 E AndroidRuntime: 	at androidx.lifecycle.LifecycleRegistry.sync(go/retraceme d710dc7c08d5d1945307a6abb6644ab82ea34ffeb4f4ff1fb0e365b24c7595b4:341)
12-09 01:46:41.007 23718 23718 E AndroidRuntime: 	at androidx.lifecycle.LifecycleRegistry.moveToState(go/retraceme d710dc7c08d5d1945307a6abb6644ab82ea34ffeb4f4ff1fb0e365b24c7595b4:77)
12-09 01:46:41.007 23718 23718 E AndroidRuntime: 	at androidx.lifecycle.LifecycleRegistry.handleLifecycleEvent(go/retraceme d710dc7c08d5d1945307a6abb6644ab82ea34ffeb4f4ff1fb0e365b24c7595b4:15)
12-09 01:46:41.007 23718 23718 E AndroidRuntime: 	at androidx.lifecycle.ReportFragment$Companion.dispatch$lifecycle_runtime_release(go/retraceme d710dc7c08d5d1945307a6abb6644ab82ea34ffeb4f4ff1fb0e365b24c7595b4:25)
12-09 01:46:41.007 23718 23718 E AndroidRuntime: 	at androidx.lifecycle.ReportFragment$LifecycleCallbacks.onActivityPostCreated(go/retraceme d710dc7c08d5d1945307a6abb6644ab82ea34ffeb4f4ff1fb0e365b24c7595b4:10)
12-09 01:46:41.007 23718 23718 E AndroidRuntime: 	at android.app.Activity.dispatchActivityPostCreated(Activity.java:1553)
12-09 01:46:41.007 23718 23718 E AndroidRuntime: 	at android.app.Activity.performCreate(Activity.java:9013)
12-09 01:46:41.007 23718 23718 E AndroidRuntime: 	at android.app.Activity.performCreate(Activity.java:8980)
12-09 01:46:41.007 23718 23718 E AndroidRuntime: 	at android.app.Instrumentation.callActivityOnCreate(Instrumentation.java:1526)
12-09 01:46:41.007 23718 23718 E AndroidRuntime: 	at android.app.ActivityThread.performLaunchActivity(ActivityThread.java:4030)
12-09 01:46:41.007 23718 23718 E AndroidRuntime: 	... 13 more
12-09 01:46:41.007 23718 23718 E AndroidRuntime: Caused by: android.os.RemoteException: Remote stack trace:
12-09 01:46:41.007 23718 23718 E AndroidRuntime: 	at android.os.Parcel.enforceNoDataAvail(Parcel.java:1060)
12-09 01:46:41.007 23718 23718 E AndroidRuntime: 	at android.content.pm.IPackageManager$Stub.onTransact(IPackageManager.java:2733)
12-09 01:46:41.007 23718 23718 E AndroidRuntime: 	at com.android.server.pm.PackageManagerService$IPackageManagerImpl.onTransact(PackageManagerService.java:6545)
12-09 01:46:41.007 23718 23718 E AndroidRuntime: 	at android.os.Binder.execTransactInternal(Binder.java:1500)
12-09 01:46:41.007 23718 23718 E AndroidRuntime: 	at android.os.Binder.execTransact(Binder.java:1444)
12-09 01:46:41.007 23718 23718 E AndroidRuntime: 
--------- beginning of system
12-09 02:01:46.284  2004  2021 V WindowManagerShell: onTransitionReady (#696) android.os.BinderProxy@41739ef: {id=696 t=CLOSE f=0x0 trk=0 opt={t=FROM_STYLE} r=[0@Point(0, 0)] c=[{null m=CLOSE f=FILLS_TASK leash=Surface(name=ActivityRecord{c4fcdb5 u0 org.wikipedia.alpha/org.wikipedia.page.PageActivity)/@0xf64acfc sb=Rect(0, 0 - 1080, 2340) eb=Rect(0, 0 - 1080, 2340) d=0 bc=fffafafa component=org.wikipedia.alpha/org.wikipedia.page.PageActivity},{null m=TO_FRONT f=FILLS_TASK leash=Surface(name=ActivityRecord{a68a09f u0 org.wikipedia.alpha/org.wikipedia.main.MainActivity)/@0x17a9f85 sb=Rect(0, 0 - 1080, 2340) eb=Rect(0, 0 - 1080, 2340) d=0 bc=fffafafa component=org.wikipedia.alpha/org.wikipedia.main.MainActivity}]}
12-09 02:01:46.284  2004  2021 V WindowManagerShell: Playing animation for (#696) android.os.BinderProxy@41739ef@0
12-09 02:01:46.284  2004  2021 V WindowManagerShell:  try handler com.android.wm.shell.transition.DefaultMixedHandler@50b1d8c
12-09 02:01:46.284  2004  2021 V WindowManagerShell:  try handler com.android.wm.shell.keyguard.KeyguardTransitionHandler@f046cd5
12-09 02:01:46.284  2004  2021 V WindowManagerShell:  try handler com.android.wm.shell.pip.PipTransition@c8bb432
12-09 02:01:46.284  2004  2021 V WindowManagerShell:  try handler com.android.wm.shell.activityembedding.ActivityEmbeddingController@90f2583
12-09 02:01:46.284  2004  2021 V WindowManagerShell:  try handler com.android.wm.shell.recents.RecentsTransitionHandler@f331300
12-09 02:01:46.284  2004  2021 V ShellRecents: RecentsTransitionHandler.startAnimation: no controller found
12-09 02:01:46.284  2004  2021 V WindowManagerShell:  try handler com.android.wm.shell.splitscreen.StageCoordinator@a894739
12-09 02:01:46.284  2004  2021 V WindowManagerShell:  try handler com.android.wm.shell.transition.RemoteTransitionHandler@f3ce17e
12-09 02:01:46.285  2004  2021 V WindowManagerShell: Transition doesn't have explicit remote, search filters for match for {id=696 t=CLOSE f=0x0 trk=0 opt={t=FROM_STYLE} r=[0@Point(0, 0)] c=[{null m=CLOSE f=FILLS_TASK leash=Surface(name=ActivityRecord{c4fcdb5 u0 org.wikipedia.alpha/org.wikipedia.page.PageActivity)/@0xf64acfc sb=Rect(0, 0 - 1080, 2340) eb=Rect(0, 0 - 1080, 2340) d=0 bc=fffafafa component=org.wikipedia.alpha/org.wikipedia.page.PageActivity},{null m=TO_FRONT f=FILLS_TASK leash=Surface(name=ActivityRecord{a68a09f u0 org.wikipedia.alpha/org.wikipedia.main.MainActivity)/@0x17a9f85 sb=Rect(0, 0 - 1080, 2340) eb=Rect(0, 0 - 1080, 2340) d=0 bc=fffafafa component=org.wikipedia.alpha/org.wikipedia.main.MainActivity}]}
12-09 02:01:46.285  2004  2021 V WindowManagerShell:  Checking filter Pair{{types=[] flags=0x0] notFlags=0x0 checks=[{atype=undefined independent=true modes=[OPEN,TO_FRONT] flags=IN_TASK_WITH_EMBEDDED_ACTIVITY mustBeTask=false order=ANY topActivity=ComponentInfo{com.google.android.apps.nexuslauncher/com.google.android.apps.nexuslauncher.NexusLauncherActivity} launchCookie=null},{atype=undefined independent=true modes=[CLOSE,TO_BACK] flags=IN_TASK_WITH_EMBEDDED_ACTIVITY mustBeTask=false order=ANY topActivity=null launchCookie=null}]} RemoteTransition { remoteTransition = android.window.IRemoteTransition$Stub$Proxy@c3ab69a, appThread = android.app.IApplicationThread$Stub$Proxy@dbedbcb, debugName = OverlaySwipeBack }}
12-09 02:01:46.285  2004  2021 V WindowManagerShell:  Checking filter Pair{{types=[] flags=0x0] notFlags=0x0 checks=[{atype=dream independent=true modes=[OPEN,TO_FRONT] flags=NONE mustBeTask=false order=ANY topActivity=null launchCookie=null},{atype=home independent=true modes=[CLOSE,TO_BACK] flags=NONE mustBeTask=false order=ANY topActivity=null launchCookie=null}]} RemoteTransition { remoteTransition = android.window.IRemoteTransition$Stub$Proxy@b3d9fa8, appThread = android.app.IApplicationThread$Stub$Proxy@3d25ac1, debugName = LauncherToDream }}
12-09 02:01:46.285  2004  2021 V WindowManagerShell:  Checking filter Pair{{types=[] flags=0x0] notFlags=0x100 checks=[{atype=home independent=true modes=[OPEN,TO_FRONT] flags=NONE mustBeTask=false order=TOP topActivity=ComponentInfo{com.google.android.apps.nexuslauncher/com.google.android.apps.nexuslauncher.NexusLauncherActivity} launchCookie=null},{atype=standard independent=true modes=[CLOSE,TO_BACK] flags=NONE mustBeTask=false order=ANY topActivity=null launchCookie=null}]} RemoteTransition { remoteTransition = android.window.IRemoteTransition$Stub$Proxy@a7da266, appThread = android.app.IApplicationThread$Stub$Proxy@fdd69a7, debugName = QuickstepLaunchHome }}
12-09 02:01:46.285  2004  2021 V WindowManagerShell:  Delegate animation for (#696) to null
12-09 02:01:46.285  2004  2021 V WindowManagerShell:  try handler com.android.wm.shell.transition.DefaultTransitionHandler@10fa471
12-09 02:01:46.285  2004  2021 V WindowManagerShell: start default transition animation, info = {id=696 t=CLOSE f=0x0 trk=0 opt={t=FROM_STYLE} r=[0@Point(0, 0)] c=[{null m=CLOSE f=FILLS_TASK leash=Surface(name=ActivityRecord{c4fcdb5 u0 org.wikipedia.alpha/org.wikipedia.page.PageActivity)/@0xf64acfc sb=Rect(0, 0 - 1080, 2340) eb=Rect(0, 0 - 1080, 2340) d=0 bc=fffafafa component=org.wikipedia.alpha/org.wikipedia.page.PageActivity},{null m=TO_FRONT f=FILLS_TASK leash=Surface(name=ActivityRecord{a68a09f u0 org.wikipedia.alpha/org.wikipedia.main.MainActivity)/@0x17a9f85 sb=Rect(0, 0 - 1080, 2340) eb=Rect(0, 0 - 1080, 2340) d=0 bc=fffafafa component=org.wikipedia.alpha/org.wikipedia.main.MainActivity}]}
12-09 02:01:46.286  1378  2925 W UserManagerService: Requested status bar icon for non-badged user 0
12-09 02:01:46.286  2004  2021 V WindowManagerShell: loadAnimation: anim=android.view.animation.AnimationSet@3cd9ce8 animAttr=0x6 type=CLOSE isEntrance=true
12-09 02:01:46.287  2004  2021 V WindowManagerShell: loadAnimation: anim=android.view.animation.AnimationSet@3e677e7 animAttr=0x7 type=CLOSE isEntrance=false
12-09 02:01:46.328  2004  2021 V WindowManagerShell:  animated by com.android.wm.shell.transition.DefaultTransitionHandler@10fa471
12-09 02:01:46.332  1378  2402 W PackageConfigPersister: App-specific configuration not found for packageName: org.wikipedia.alpha and userId: 0
12-09 02:01:46.785  2004  2021 V WindowManagerShell: Transition animation finished (aborted=false), notifying core (#696) android.os.BinderProxy@41739ef@0
12-09 02:01:46.789  1378  1507 V WindowManager: Finish Transition (#696): created at 12-09 02:01:46.193 collect-started=0.06ms request-sent=0.128ms started=2.426ms ready=12.277ms sent=90.547ms finished=595.641ms
12-09 02:01:46.793  2004  2021 V WindowManagerShell: Track 0 became idle
12-09 02:01:46.793  2004  2021 V WindowManagerShell: All active transition animations finished
12-09 02:01:46.794  1378  9422 W UserManagerService: Requested status bar icon for non-badged user 0
12-09 02:01:46.794  1378  9422 W UserManagerService: Requested status bar icon for non-badged user 0
12-09 02:01:46.820  1378  3413 D CoreBackPreview: Window{45e8316 u0 org.wikipedia.alpha/org.wikipedia.page.PageActivity}: Setting back callback null
12-09 02:01:47.855  1378  2925 D CoreBackPreview: Window{34932ba u0 PopupWindow:e27623c}: Setting back callback OnBackInvokedCallbackInfo{mCallback=android.window.IOnBackInvokedCallback$Stub$Proxy@90fae9d, mPriority=0, mIsAnimationCallback=false}
12-09 02:01:48.160  1378  1844 D ActivityManager: freezing 24176 com.google.android.apps.turbo
12-09 02:01:48.163  1378  1844 D ActivityManager: freezing 5076 com.google.android.projection.gearhead:provider
12-09 02:01:48.175  1378  9422 D ActivityManager: sync unfroze 24176 com.google.android.apps.turbo for 6
12-09 02:01:48.176  1378  9422 D ActivityManager: sync unfroze 5076 com.google.android.projection.gearhead:provider for 6
12-09 02:01:50.056  1378  2402 D CoreBackPreview: startBackNavigation currentTask=Task{97705ec #1070 type=standard A=10293:org.wikipedia.alpha}, topRunningActivity=ActivityRecord{a68a09f u0 org.wikipedia.alpha/org.wikipedia.main.MainActivity t1070}, callbackInfo=OnBackInvokedCallbackInfo{mCallback=android.window.IOnBackInvokedCallback$Stub$Proxy@90fae9d, mPriority=0, mIsAnimationCallback=false}, currentFocus=Window{34932ba u0 PopupWindow:e27623c}
12-09 02:01:50.057  2004  2021 D ShellBackPreview: Received backNavigationInfo:BackNavigationInfo{mType=TYPE_CALLBACK (4), mOnBackNavigationDone=android.os.RemoteCallback@bb07cdf, mOnBackInvokedCallback=android.window.IOnBackInvokedCallback$Stub$Proxy@3ab4d2c, mPrepareRemoteAnimation=false, mAnimationCallback=false, mCustomizeAnimationInfo=null}
12-09 02:01:50.064  2004  2021 I ShellBackPreview: Navigation window gone.
12-09 02:01:50.064  2004  2021 D ShellBackPreview: BackAnimationController: finishBackNavigation()
12-09 02:01:50.064  2004  2021 D ShellBackPreview: resetTouchTracker -> reset an unfinished gesture
12-09 02:01:50.065  1378  9422 D CoreBackPreview: onBackNavigationDone backType=4, triggerBack=false
12-09 02:01:50.085  1378  2402 W PackageConfigPersister: App-specific configuration not found for packageName: org.wikipedia.alpha and userId: 0
12-09 02:01:50.111  2004  2021 D ShellBackPreview: Finishing gesture with event action: 1
12-09 02:01:50.111  2004  2021 D ShellBackPreview: onGestureFinished called while no gesture is started
12-09 02:01:50.364  1378  9422 D CoreBackPreview: Window{34932ba u0 PopupWindow:e27623c}: Setting back callback null
12-09 02:01:50.459  1378  2402 W ProcessStats: Tracking association SourceState{f52149c com.google.android.apps.turbo/10143 ImpFg #55850} whose proc state 5 is better than process ProcessState{7737aac com.google.android.projection.gearhead:provider/10137 pkg=com.google.android.projection.gearhead} proc state 14 (19 skipped)
12-09 02:01:50.497  1378  2925 W AppOps  : Noting op not finished: uid 10149 pkg com.google.android.gms code 79 startTime of in progress event=1733689534045
12-09 02:01:50.516  1378  2402 W AppOps  : Noting op not finished: uid 10149 pkg com.google.android.gms code 113 startTime of in progress event=1733689534046
12-09 02:01:50.530  1378  2402 W AppOps  : Noting op not finished: uid 10149 pkg com.google.android.gms code 113 startTime of in progress event=1733689534046
12-09 02:01:50.541  1378  2379 W AppOps  : Noting op not finished: uid 10203 pkg com.google.android.gms.location.history code 79 startTime of in progress event=1733687992326
12-09 02:01:50.550  1378  2379 W AppOps  : Noting op not finished: uid 10149 pkg com.google.android.gms code 113 startTime of in progress event=1733689534046
12-09 02:01:50.554  1378  2402 W AppOps  : Noting op not finished: uid 10149 pkg com.google.android.gms code 113 startTime of in progress event=1733689534046
12-09 02:01:50.907  1378  9422 D CoreBackPreview: startBackNavigation currentTask=Task{97705ec #1070 type=standard A=10293:org.wikipedia.alpha}, topRunningActivity=ActivityRecord{a68a09f u0 org.wikipedia.alpha/org.wikipedia.main.MainActivity t1070}, callbackInfo=OnBackInvokedCallbackInfo{mCallback=android.window.IOnBackInvokedCallback$Stub$Proxy@75638b4, mPriority=0, mIsAnimationCallback=false}, currentFocus=Window{295b7a1 u0 org.wikipedia.alpha/org.wikipedia.main.MainActivity}
12-09 02:01:50.908  2004  2021 D ShellBackPreview: Received backNavigationInfo:BackNavigationInfo{mType=TYPE_CALLBACK (4), mOnBackNavigationDone=android.os.RemoteCallback@d7b73f5, mOnBackInvokedCallback=android.window.IOnBackInvokedCallback$Stub$Proxy@f63358a, mPrepareRemoteAnimation=false, mAnimationCallback=false, mCustomizeAnimationInfo=null}
12-09 02:01:51.018  2004  2021 D ShellBackPreview: Finishing gesture with event action: 1
12-09 02:01:51.018  2004  2021 D ShellBackPreview: onGestureFinished() mTriggerBack == false
12-09 02:01:51.018  2004  2021 D ShellBackPreview: Trigger back without dispatching to animator.
12-09 02:01:51.018  2004  2021 D ShellBackPreview: BackAnimationController: finishBackNavigation()
12-09 02:01:51.018  1378  2379 D CoreBackPreview: onBackNavigationDone backType=4, triggerBack=false
12-09 02:01:51.037  1378  2402 D CoreBackPreview: Window{788d73b u0 PopupWindow:8a9cb2c}: Setting back callback OnBackInvokedCallbackInfo{mCallback=android.window.IOnBackInvokedCallback$Stub$Proxy@a58b822, mPriority=0, mIsAnimationCallback=false}
12-09 02:01:51.088  1378  9422 W PackageConfigPersister: App-specific configuration not found for packageName: org.wikipedia.alpha and userId: 0
12-09 02:01:51.956  1378  9422 D CoreBackPreview: Window{788d73b u0 PopupWindow:8a9cb2c}: Setting back callback null
12-09 02:01:51.974  1378  1510 V WindowManager: Unknown focus tokens, dropping reportFocusChanged
12-09 02:01:51.979  1378  2379 W OptProp : Cannot read opt property android.window.PROPERTY_COMPAT_ALLOW_ORIENTATION_OVERRIDE
12-09 02:01:51.981  1378  2379 W OptProp : Cannot read opt property android.window.PROPERTY_COMPAT_ALLOW_RESIZEABLE_ACTIVITY_OVERRIDES
12-09 02:01:51.982  1378  2379 W OptProp : Cannot read opt property android.window.PROPERTY_COMPAT_ALLOW_MIN_ASPECT_RATIO_OVERRIDE
12-09 02:01:51.991  1378  2379 I ActivityTaskManager: START u0 {cmp=org.wikipedia.alpha/org.wikipedia.settings.SettingsActivity} with LAUNCH_MULTIPLE from uid 10293 (BAL_ALLOW_VISIBLE_WINDOW) result code=0
12-09 02:01:51.991  2004  2021 V WindowManagerShell: Transition requested (#697): android.os.BinderProxy@a4a07fb TransitionRequestInfo { type = OPEN, triggerTask = TaskInfo{userId=0 taskId=1070 displayId=0 isRunning=true baseIntent=Intent { act=android.intent.action.MAIN cat=[android.intent.category.LAUNCHER] flg=0x10200000 cmp=org.wikipedia.alpha/org.wikipedia.main.MainActivity } baseActivity=ComponentInfo{org.wikipedia.alpha/org.wikipedia.main.MainActivity} topActivity=ComponentInfo{org.wikipedia.alpha/org.wikipedia.settings.SettingsActivity} origActivity=null realActivity=ComponentInfo{org.wikipedia.alpha/org.wikipedia.main.MainActivity} numActivities=2 lastActiveTime=287126616 supportsMultiWindow=true resizeMode=1 isResizeable=true minWidth=-1 minHeight=-1 defaultMinSize=220 token=WCT{android.window.IWindowContainerToken$Stub$Proxy@7161018} topActivityType=1 pictureInPictureParams=null shouldDockBigOverlays=false launchIntoPipHostTaskId=-1 lastParentTaskIdBeforePip=-1 displayCutoutSafeInsets=Rect(0, 108 - 0, 0) topActivityInfo=ActivityInfo{7dc5a71 org.wikipedia.settings.SettingsActivity} launchCookies=[android.os.BinderProxy@14c871c] positionInParent=Point(0, 0) parentTaskId=-1 isFocused=true isVisible=true isVisibleRequested=true isSleeping=false locusId=null displayAreaFeatureId=1 isTopActivityTransparent=false appCompatTaskInfo=AppCompatTaskInfo { topActivityInSizeCompat=false topActivityEligibleForLetterboxEducation= falseisLetterboxEducationEnabled= false isLetterboxDoubleTapEnabled= false topActivityEligibleForUserAspectRatioButton= false topActivityBoundsLetterboxed= false isFromLetterboxDoubleTap= false topActivityLetterboxVerticalPosition= -1 topActivityLetterboxHorizontalPosition= -1 topActivityLetterboxWidth=1080 topActivityLetterboxHeight=2340 isUserFullscreenOverrideEnabled=false isSystemFullscreenOverrideEnabled=false cameraCompatTaskInfo=CameraCompatTaskInfo { cameraCompatControlState=hidden freeformCameraCompatMode=inactive}}}, pipTask = null, remoteTransition = null, displayChange = null, flags = 0, debugId = 697 }
12-09 02:01:52.002  1378  3413 W PackageConfigPersister: App-specific configuration not found for packageName: org.wikipedia.alpha and userId: 0
12-09 02:01:52.018  1378  3413 D CoreBackPreview: Window{a7b58b8 u0 org.wikipedia.alpha/org.wikipedia.settings.SettingsActivity}: Setting back callback OnBackInvokedCallbackInfo{mCallback=android.window.IOnBackInvokedCallback$Stub$Proxy@73901f7, mPriority=0, mIsAnimationCallback=false}
12-09 02:01:52.047  1378  1507 V WindowManager: Sent Transition (#697) createdAt=12-09 02:01:51.983 via request=TransitionRequestInfo { type = OPEN, triggerTask = TaskInfo{userId=0 taskId=1070 displayId=0 isRunning=true baseIntent=Intent { act=android.intent.action.MAIN cat=[android.intent.category.LAUNCHER] flg=0x10200000 cmp=org.wikipedia.alpha/org.wikipedia.main.MainActivity } baseActivity=ComponentInfo{org.wikipedia.alpha/org.wikipedia.main.MainActivity} topActivity=ComponentInfo{org.wikipedia.alpha/org.wikipedia.settings.SettingsActivity} origActivity=null realActivity=ComponentInfo{org.wikipedia.alpha/org.wikipedia.main.MainActivity} numActivities=2 lastActiveTime=287126616 supportsMultiWindow=true resizeMode=1 isResizeable=true minWidth=-1 minHeight=-1 defaultMinSize=220 token=WCT{RemoteToken{89526f0 Task{97705ec #1070 type=standard A=10293:org.wikipedia.alpha}}} topActivityType=1 pictureInPictureParams=null shouldDockBigOverlays=false launchIntoPipHostTaskId=-1 lastParentTaskIdBeforePip=-1 displayCutoutSafeInsets=Rect(0, 108 - 0, 0) topActivityInfo=ActivityInfo{39081ce org.wikipedia.settings.SettingsActivity} launchCookies=[android.os.BinderProxy@acccea1] positionInParent=Point(0, 0) parentTaskId=-1 isFocused=true isVisible=true isVisibleRequested=true isSleeping=false locusId=null displayAreaFeatureId=1 isTopActivityTransparent=false appCompatTaskInfo=AppCompatTaskInfo { topActivityInSizeCompat=false topActivityEligibleForLetterboxEducation= falseisLetterboxEducationEnabled= false isLetterboxDoubleTapEnabled= false topActivityEligibleForUserAspectRatioButton= false topActivityBoundsLetterboxed= false isFromLetterboxDoubleTap= false topActivityLetterboxVerticalPosition= -1 topActivityLetterboxHorizontalPosition= -1 topActivityLetterboxWidth=1080 topActivityLetterboxHeight=2340 isUserFullscreenOverrideEnabled=false isSystemFullscreenOverrideEnabled=false cameraCompatTaskInfo=CameraCompatTaskInfo { cameraCompatControlState=hidden freeformCameraCompatMode=inactive}}}, pipTask = null, remoteTransition = null, displayChange = null, flags = 0, debugId = 697 }
12-09 02:01:52.047  1378  1507 V WindowManager:     startWCT=WindowContainerTransaction { changes = {} hops = [] errorCallbackToken=null taskFragmentOrganizer=null }
12-09 02:01:52.047  1378  1507 V WindowManager:     info={id=697 t=OPEN f=0x0 trk=0 opt={t=FROM_STYLE} r=[0@Point(0, 0)] c=[
12-09 02:01:52.047  1378  1507 V WindowManager:         {null m=OPEN f=FILLS_TASK leash=Surface(name=ActivityRecord{cb875a0 u0 org.wikipedia.alpha/org.wikipedia.settings.SettingsActivity)/@0x82486d0 sb=Rect(0, 0 - 0, 0) eb=Rect(0, 0 - 1080, 2340) d=-1->0 r=-1->0:-1 bc=fffafafa component=org.wikipedia.alpha/org.wikipedia.settings.SettingsActivity},
12-09 02:01:52.047  1378  1507 V WindowManager:         {null m=TO_BACK f=FILLS_TASK leash=Surface(name=ActivityRecord{a68a09f u0 org.wikipedia.alpha/org.wikipedia.main.MainActivity)/@0x660b97a sb=Rect(0, 0 - 1080, 2340) eb=Rect(0, 0 - 1080, 2340) d=0 bc=fffafafa component=org.wikipedia.alpha/org.wikipedia.main.MainActivity}
12-09 02:01:52.047  1378  1507 V WindowManager:     ]}
12-09 02:01:52.048  2004  2106 V WindowManagerShell: onTransitionReady(transaction=5918464986247)
12-09 02:01:52.048  2004  2021 V WindowManagerShell: onTransitionReady (#697) android.os.BinderProxy@a4a07fb: {id=697 t=OPEN f=0x0 trk=0 opt={t=FROM_STYLE} r=[0@Point(0, 0)] c=[{null m=OPEN f=FILLS_TASK leash=Surface(name=ActivityRecord{cb875a0 u0 org.wikipedia.alpha/org.wikipedia.settings.SettingsActivity)/@0xc72056 sb=Rect(0, 0 - 0, 0) eb=Rect(0, 0 - 1080, 2340) d=-1->0 r=-1->0:-1 bc=fffafafa component=org.wikipedia.alpha/org.wikipedia.settings.SettingsActivity},{null m=TO_BACK f=FILLS_TASK leash=Surface(name=ActivityRecord{a68a09f u0 org.wikipedia.alpha/org.wikipedia.main.MainActivity)/@0x92728d7 sb=Rect(0, 0 - 1080, 2340) eb=Rect(0, 0 - 1080, 2340) d=0 bc=fffafafa component=org.wikipedia.alpha/org.wikipedia.main.MainActivity}]}
12-09 02:01:52.048  2004  2021 V WindowManagerShell: Playing animation for (#697) android.os.BinderProxy@a4a07fb@0
12-09 02:01:52.048  2004  2021 V WindowManagerShell:  try handler com.android.wm.shell.transition.DefaultMixedHandler@50b1d8c
12-09 02:01:52.048  2004  2021 V WindowManagerShell:  try handler com.android.wm.shell.keyguard.KeyguardTransitionHandler@f046cd5
12-09 02:01:52.048  2004  2021 V WindowManagerShell:  try handler com.android.wm.shell.pip.PipTransition@c8bb432
12-09 02:01:52.048  2004  2021 V WindowManagerShell:  try handler com.android.wm.shell.activityembedding.ActivityEmbeddingController@90f2583
12-09 02:01:52.048  2004  2021 V WindowManagerShell:  try handler com.android.wm.shell.recents.RecentsTransitionHandler@f331300
12-09 02:01:52.048  2004  2021 V ShellRecents: RecentsTransitionHandler.startAnimation: no controller found
12-09 02:01:52.048  2004  2021 V WindowManagerShell:  try handler com.android.wm.shell.splitscreen.StageCoordinator@a894739
12-09 02:01:52.048  2004  2021 V WindowManagerShell:  try handler com.android.wm.shell.transition.RemoteTransitionHandler@f3ce17e
12-09 02:01:52.049  2004  2021 V WindowManagerShell: Transition doesn't have explicit remote, search filters for match for {id=697 t=OPEN f=0x0 trk=0 opt={t=FROM_STYLE} r=[0@Point(0, 0)] c=[{null m=OPEN f=FILLS_TASK leash=Surface(name=ActivityRecord{cb875a0 u0 org.wikipedia.alpha/org.wikipedia.settings.SettingsActivity)/@0xc72056 sb=Rect(0, 0 - 0, 0) eb=Rect(0, 0 - 1080, 2340) d=-1->0 r=-1->0:-1 bc=fffafafa component=org.wikipedia.alpha/org.wikipedia.settings.SettingsActivity},{null m=TO_BACK f=FILLS_TASK leash=Surface(name=ActivityRecord{a68a09f u0 org.wikipedia.alpha/org.wikipedia.main.MainActivity)/@0x92728d7 sb=Rect(0, 0 - 1080, 2340) eb=Rect(0, 0 - 1080, 2340) d=0 bc=fffafafa component=org.wikipedia.alpha/org.wikipedia.main.MainActivity}]}
12-09 02:01:52.049  2004  2021 V WindowManagerShell:  Checking filter Pair{{types=[] flags=0x0] notFlags=0x0 checks=[{atype=undefined independent=true modes=[OPEN,TO_FRONT] flags=IN_TASK_WITH_EMBEDDED_ACTIVITY mustBeTask=false order=ANY topActivity=ComponentInfo{com.google.android.apps.nexuslauncher/com.google.android.apps.nexuslauncher.NexusLauncherActivity} launchCookie=null},{atype=undefined independent=true modes=[CLOSE,TO_BACK] flags=IN_TASK_WITH_EMBEDDED_ACTIVITY mustBeTask=false order=ANY topActivity=null launchCookie=null}]} RemoteTransition { remoteTransition = android.window.IRemoteTransition$Stub$Proxy@c3ab69a, appThread = android.app.IApplicationThread$Stub$Proxy@dbedbcb, debugName = OverlaySwipeBack }}
12-09 02:01:52.049  2004  2021 V WindowManagerShell:  Checking filter Pair{{types=[] flags=0x0] notFlags=0x0 checks=[{atype=dream independent=true modes=[OPEN,TO_FRONT] flags=NONE mustBeTask=false order=ANY topActivity=null launchCookie=null},{atype=home independent=true modes=[CLOSE,TO_BACK] flags=NONE mustBeTask=false order=ANY topActivity=null launchCookie=null}]} RemoteTransition { remoteTransition = android.window.IRemoteTransition$Stub$Proxy@b3d9fa8, appThread = android.app.IApplicationThread$Stub$Proxy@3d25ac1, debugName = LauncherToDream }}
12-09 02:01:52.049  2004  2021 V WindowManagerShell:  Checking filter Pair{{types=[] flags=0x0] notFlags=0x100 checks=[{atype=home independent=true modes=[OPEN,TO_FRONT] flags=NONE mustBeTask=false order=TOP topActivity=ComponentInfo{com.google.android.apps.nexuslauncher/com.google.android.apps.nexuslauncher.NexusLauncherActivity} launchCookie=null},{atype=standard independent=true modes=[CLOSE,TO_BACK] flags=NONE mustBeTask=false order=ANY topActivity=null launchCookie=null}]} RemoteTransition { remoteTransition = android.window.IRemoteTransition$Stub$Proxy@a7da266, appThread = android.app.IApplicationThread$Stub$Proxy@fdd69a7, debugName = QuickstepLaunchHome }}
12-09 02:01:52.049  2004  2021 V WindowManagerShell:  Delegate animation for (#697) to null
12-09 02:01:52.049  2004  2021 V WindowManagerShell:  try handler com.android.wm.shell.transition.DefaultTransitionHandler@10fa471
12-09 02:01:52.049  2004  2021 V WindowManagerShell: start default transition animation, info = {id=697 t=OPEN f=0x0 trk=0 opt={t=FROM_STYLE} r=[0@Point(0, 0)] c=[{null m=OPEN f=FILLS_TASK leash=Surface(name=ActivityRecord{cb875a0 u0 org.wikipedia.alpha/org.wikipedia.settings.SettingsActivity)/@0xc72056 sb=Rect(0, 0 - 0, 0) eb=Rect(0, 0 - 1080, 2340) d=-1->0 r=-1->0:-1 bc=fffafafa component=org.wikipedia.alpha/org.wikipedia.settings.SettingsActivity},{null m=TO_BACK f=FILLS_TASK leash=Surface(name=ActivityRecord{a68a09f u0 org.wikipedia.alpha/org.wikipedia.main.MainActivity)/@0x92728d7 sb=Rect(0, 0 - 1080, 2340) eb=Rect(0, 0 - 1080, 2340) d=0 bc=fffafafa component=org.wikipedia.alpha/org.wikipedia.main.MainActivity}]}
12-09 02:01:52.049  2004  2021 V WindowManagerShell: loadAnimation: anim=android.view.animation.AnimationSet@64b7b73 animAttr=0x5 type=OPEN isEntrance=false
12-09 02:01:52.050  1378  2925 W UserManagerService: Requested status bar icon for non-badged user 0
12-09 02:01:52.069  2004  2021 V WindowManagerShell: loadAnimation: anim=android.view.animation.AnimationSet@8524465 animAttr=0x4 type=OPEN isEntrance=true
12-09 02:01:52.093  2004  2021 V WindowManagerShell:  animated by com.android.wm.shell.transition.DefaultTransitionHandler@10fa471
12-09 02:01:52.189  1378  2925 W PackageConfigPersister: App-specific configuration not found for packageName: org.wikipedia.alpha and userId: 0
12-09 02:01:52.549  2004  2021 V WindowManagerShell: Transition animation finished (aborted=false), notifying core (#697) android.os.BinderProxy@a4a07fb@0
12-09 02:01:52.553  1378  1507 V WindowManager: Finish Transition (#697): created at 12-09 02:01:51.983 collect-started=0.121ms request-sent=6.771ms started=9.916ms ready=13.901ms sent=63.676ms finished=569.791ms
12-09 02:01:52.556  2004  2021 V WindowManagerShell: Track 0 became idle
12-09 02:01:52.556  2004  2021 V WindowManagerShell: All active transition animations finished
12-09 02:01:52.561  1378  2925 W UserManagerService: Requested status bar icon for non-badged user 0
12-09 02:01:52.562  1378  2925 W UserManagerService: Requested status bar icon for non-badged user 0
12-09 02:02:03.338  1378  2925 D CoreBackPreview: startBackNavigation currentTask=Task{97705ec #1070 type=standard A=10293:org.wikipedia.alpha}, topRunningActivity=ActivityRecord{cb875a0 u0 org.wikipedia.alpha/org.wikipedia.settings.SettingsActivity t1070}, callbackInfo=OnBackInvokedCallbackInfo{mCallback=android.window.IOnBackInvokedCallback$Stub$Proxy@73901f7, mPriority=0, mIsAnimationCallback=false}, currentFocus=Window{a7b58b8 u0 org.wikipedia.alpha/org.wikipedia.settings.SettingsActivity}
12-09 02:02:03.340  2004  2021 D ShellBackPreview: Received backNavigationInfo:BackNavigationInfo{mType=TYPE_CALLBACK (4), mOnBackNavigationDone=android.os.RemoteCallback@9271343, mOnBackInvokedCallback=android.window.IOnBackInvokedCallback$Stub$Proxy@653cdc0, mPrepareRemoteAnimation=false, mAnimationCallback=false, mCustomizeAnimationInfo=null}
12-09 02:02:03.379  2004  2021 D ShellBackPreview: Finishing gesture with event action: 1
12-09 02:02:03.379  2004  2021 D ShellBackPreview: onGestureFinished() mTriggerBack == true
12-09 02:02:03.379  2004  2021 D ShellBackPreview: Trigger back without dispatching to animator.
12-09 02:02:03.379  2004  2021 D ShellBackPreview: BackAnimationController: finishBackNavigation()
12-09 02:02:03.381  1378  3413 D CoreBackPreview: onBackNavigationDone backType=4, triggerBack=true
12-09 02:02:03.387  2004  2021 V WindowManagerShell: Transition requested (#698): android.os.BinderProxy@78805ec TransitionRequestInfo { type = CLOSE, triggerTask = null, pipTask = null, remoteTransition = null, displayChange = null, flags = 0, debugId = 698 }
12-09 02:02:03.461  1378  1507 V WindowManager: Sent Transition (#698) createdAt=12-09 02:02:03.386 via request=TransitionRequestInfo { type = CLOSE, triggerTask = null, pipTask = null, remoteTransition = null, displayChange = null, flags = 0, debugId = 698 }
12-09 02:02:03.461  1378  1507 V WindowManager:     startWCT=WindowContainerTransaction { changes = {} hops = [] errorCallbackToken=null taskFragmentOrganizer=null }
12-09 02:02:03.461  1378  1507 V WindowManager:     info={id=698 t=CLOSE f=0x0 trk=0 opt={t=FROM_STYLE} r=[0@Point(0, 0)] c=[
12-09 02:02:03.461  1378  1507 V WindowManager:         {null m=CLOSE f=FILLS_TASK leash=Surface(name=ActivityRecord{cb875a0 u0 org.wikipedia.alpha/org.wikipedia.settings.SettingsActivity)/@0x82486d0 sb=Rect(0, 0 - 1080, 2340) eb=Rect(0, 0 - 1080, 2340) d=0 bc=fffafafa component=org.wikipedia.alpha/org.wikipedia.settings.SettingsActivity},
12-09 02:02:03.461  1378  1507 V WindowManager:         {null m=TO_FRONT f=FILLS_TASK leash=Surface(name=ActivityRecord{a68a09f u0 org.wikipedia.alpha/org.wikipedia.main.MainActivity)/@0x660b97a sb=Rect(0, 0 - 1080, 2340) eb=Rect(0, 0 - 1080, 2340) d=0 bc=fffafafa component=org.wikipedia.alpha/org.wikipedia.main.MainActivity}
12-09 02:02:03.461  1378  1507 V WindowManager:     ]}
12-09 02:02:03.461  2004  2106 V WindowManagerShell: onTransitionReady(transaction=5918464986292)
12-09 02:02:03.461  2004  2021 V WindowManagerShell: onTransitionReady (#698) android.os.BinderProxy@78805ec: {id=698 t=CLOSE f=0x0 trk=0 opt={t=FROM_STYLE} r=[0@Point(0, 0)] c=[{null m=CLOSE f=FILLS_TASK leash=Surface(name=ActivityRecord{cb875a0 u0 org.wikipedia.alpha/org.wikipedia.settings.SettingsActivity)/@0x7409db5 sb=Rect(0, 0 - 1080, 2340) eb=Rect(0, 0 - 1080, 2340) d=0 bc=fffafafa component=org.wikipedia.alpha/org.wikipedia.settings.SettingsActivity},{null m=TO_FRONT f=FILLS_TASK leash=Surface(name=ActivityRecord{a68a09f u0 org.wikipedia.alpha/org.wikipedia.main.MainActivity)/@0x58e7c4a sb=Rect(0, 0 - 1080, 2340) eb=Rect(0, 0 - 1080, 2340) d=0 bc=fffafafa component=org.wikipedia.alpha/org.wikipedia.main.MainActivity}]}
12-09 02:02:03.462  2004  2021 V WindowManagerShell: Playing animation for (#698) android.os.BinderProxy@78805ec@0
12-09 02:02:03.462  2004  2021 V WindowManagerShell:  try handler com.android.wm.shell.transition.DefaultMixedHandler@50b1d8c
12-09 02:02:03.462  2004  2021 V WindowManagerShell:  try handler com.android.wm.shell.keyguard.KeyguardTransitionHandler@f046cd5
12-09 02:02:03.462  2004  2021 V WindowManagerShell:  try handler com.android.wm.shell.pip.PipTransition@c8bb432
12-09 02:02:03.462  2004  2021 V WindowManagerShell:  try handler com.android.wm.shell.activityembedding.ActivityEmbeddingController@90f2583
12-09 02:02:03.462  2004  2021 V WindowManagerShell:  try handler com.android.wm.shell.recents.RecentsTransitionHandler@f331300
12-09 02:02:03.462  2004  2021 V ShellRecents: RecentsTransitionHandler.startAnimation: no controller found
12-09 02:02:03.462  2004  2021 V WindowManagerShell:  try handler com.android.wm.shell.splitscreen.StageCoordinator@a894739
12-09 02:02:03.462  2004  2021 V WindowManagerShell:  try handler com.android.wm.shell.transition.RemoteTransitionHandler@f3ce17e
12-09 02:02:03.462  2004  2021 V WindowManagerShell: Transition doesn't have explicit remote, search filters for match for {id=698 t=CLOSE f=0x0 trk=0 opt={t=FROM_STYLE} r=[0@Point(0, 0)] c=[{null m=CLOSE f=FILLS_TASK leash=Surface(name=ActivityRecord{cb875a0 u0 org.wikipedia.alpha/org.wikipedia.settings.SettingsActivity)/@0x7409db5 sb=Rect(0, 0 - 1080, 2340) eb=Rect(0, 0 - 1080, 2340) d=0 bc=fffafafa component=org.wikipedia.alpha/org.wikipedia.settings.SettingsActivity},{null m=TO_FRONT f=FILLS_TASK leash=Surface(name=ActivityRecord{a68a09f u0 org.wikipedia.alpha/org.wikipedia.main.MainActivity)/@0x58e7c4a sb=Rect(0, 0 - 1080, 2340) eb=Rect(0, 0 - 1080, 2340) d=0 bc=fffafafa component=org.wikipedia.alpha/org.wikipedia.main.MainActivity}]}
12-09 02:02:03.462  2004  2021 V WindowManagerShell:  Checking filter Pair{{types=[] flags=0x0] notFlags=0x0 checks=[{atype=undefined independent=true modes=[OPEN,TO_FRONT] flags=IN_TASK_WITH_EMBEDDED_ACTIVITY mustBeTask=false order=ANY topActivity=ComponentInfo{com.google.android.apps.nexuslauncher/com.google.android.apps.nexuslauncher.NexusLauncherActivity} launchCookie=null},{atype=undefined independent=true modes=[CLOSE,TO_BACK] flags=IN_TASK_WITH_EMBEDDED_ACTIVITY mustBeTask=false order=ANY topActivity=null launchCookie=null}]} RemoteTransition { remoteTransition = android.window.IRemoteTransition$Stub$Proxy@c3ab69a, appThread = android.app.IApplicationThread$Stub$Proxy@dbedbcb, debugName = OverlaySwipeBack }}
12-09 02:02:03.462  2004  2021 V WindowManagerShell:  Checking filter Pair{{types=[] flags=0x0] notFlags=0x0 checks=[{atype=dream independent=true modes=[OPEN,TO_FRONT] flags=NONE mustBeTask=false order=ANY topActivity=null launchCookie=null},{atype=home independent=true modes=[CLOSE,TO_BACK] flags=NONE mustBeTask=false order=ANY topActivity=null launchCookie=null}]} RemoteTransition { remoteTransition = android.window.IRemoteTransition$Stub$Proxy@b3d9fa8, appThread = android.app.IApplicationThread$Stub$Proxy@3d25ac1, debugName = LauncherToDream }}
12-09 02:02:03.462  2004  2021 V WindowManagerShell:  Checking filter Pair{{types=[] flags=0x0] notFlags=0x100 checks=[{atype=home independent=true modes=[OPEN,TO_FRONT] flags=NONE mustBeTask=false order=TOP topActivity=ComponentInfo{com.google.android.apps.nexuslauncher/com.google.android.apps.nexuslauncher.NexusLauncherActivity} launchCookie=null},{atype=standard independent=true modes=[CLOSE,TO_BACK] flags=NONE mustBeTask=false order=ANY topActivity=null launchCookie=null}]} RemoteTransition { remoteTransition = android.window.IRemoteTransition$Stub$Proxy@a7da266, appThread = android.app.IApplicationThread$Stub$Proxy@fdd69a7, debugName = QuickstepLaunchHome }}
12-09 02:02:03.462  2004  2021 V WindowManagerShell:  Delegate animation for (#698) to null
12-09 02:02:03.462  2004  2021 V WindowManagerShell:  try handler com.android.wm.shell.transition.DefaultTransitionHandler@10fa471
12-09 02:02:03.462  2004  2021 V WindowManagerShell: start default transition animation, info = {id=698 t=CLOSE f=0x0 trk=0 opt={t=FROM_STYLE} r=[0@Point(0, 0)] c=[{null m=CLOSE f=FILLS_TASK leash=Surface(name=ActivityRecord{cb875a0 u0 org.wikipedia.alpha/org.wikipedia.settings.SettingsActivity)/@0x7409db5 sb=Rect(0, 0 - 1080, 2340) eb=Rect(0, 0 - 1080, 2340) d=0 bc=fffafafa component=org.wikipedia.alpha/org.wikipedia.settings.SettingsActivity},{null m=TO_FRONT f=FILLS_TASK leash=Surface(name=ActivityRecord{a68a09f u0 org.wikipedia.alpha/org.wikipedia.main.MainActivity)/@0x58e7c4a sb=Rect(0, 0 - 1080, 2340) eb=Rect(0, 0 - 1080, 2340) d=0 bc=fffafafa component=org.wikipedia.alpha/org.wikipedia.main.MainActivity}]}
12-09 02:02:03.463  1378  2402 W UserManagerService: Requested status bar icon for non-badged user 0
12-09 02:02:03.463  2004  2021 V WindowManagerShell: loadAnimation: anim=android.view.animation.AnimationSet@82a6031 animAttr=0x6 type=CLOSE isEntrance=true
12-09 02:02:03.464  2004  2021 V WindowManagerShell: loadAnimation: anim=android.view.animation.AnimationSet@c1d0497 animAttr=0x7 type=CLOSE isEntrance=false
12-09 02:02:03.502  2004  2021 V WindowManagerShell:  animated by com.android.wm.shell.transition.DefaultTransitionHandler@10fa471
12-09 02:02:03.511  1378  3429 W PackageConfigPersister: App-specific configuration not found for packageName: org.wikipedia.alpha and userId: 0
12-09 02:02:03.778  1378  1510 W ProcessStats: Tracking association SourceState{f52149c com.google.android.apps.turbo/10143 ImpFg #55886} whose proc state 5 is better than process ProcessState{7737aac com.google.android.projection.gearhead:provider/10137 pkg=com.google.android.projection.gearhead} proc state 14 (14 skipped)
12-09 02:02:03.955  2004  2021 V WindowManagerShell: Transition animation finished (aborted=false), notifying core (#698) android.os.BinderProxy@78805ec@0
12-09 02:02:03.960  1378  1507 V WindowManager: Finish Transition (#698): created at 12-09 02:02:03.386 collect-started=0.048ms request-sent=0.112ms started=2.445ms ready=7.69ms sent=73.934ms finished=573.341ms
12-09 02:02:03.963  2004  2021 V WindowManagerShell: Track 0 became idle
12-09 02:02:03.963  2004  2021 V WindowManagerShell: All active transition animations finished
12-09 02:02:03.965  1378  3413 W UserManagerService: Requested status bar icon for non-badged user 0
12-09 02:02:03.966  1378  3413 W UserManagerService: Requested status bar icon for non-badged user 0
12-09 02:02:03.981  1378  3429 D CoreBackPreview: Window{a7b58b8 u0 org.wikipedia.alpha/org.wikipedia.settings.SettingsActivity}: Setting back callback null
12-09 02:02:04.630  1378  2925 D CoreBackPreview: startBackNavigation currentTask=Task{97705ec #1070 type=standard A=10293:org.wikipedia.alpha}, topRunningActivity=ActivityRecord{a68a09f u0 org.wikipedia.alpha/org.wikipedia.main.MainActivity t1070}, callbackInfo=OnBackInvokedCallbackInfo{mCallback=android.window.IOnBackInvokedCallback$Stub$Proxy@75638b4, mPriority=0, mIsAnimationCallback=false}, currentFocus=Window{295b7a1 u0 org.wikipedia.alpha/org.wikipedia.main.MainActivity}
12-09 02:02:04.631  2004  2021 D ShellBackPreview: Received backNavigationInfo:BackNavigationInfo{mType=TYPE_CALLBACK (4), mOnBackNavigationDone=android.os.RemoteCallback@335ef8f, mOnBackInvokedCallback=android.window.IOnBackInvokedCallback$Stub$Proxy@48ec21c, mPrepareRemoteAnimation=false, mAnimationCallback=false, mCustomizeAnimationInfo=null}
12-09 02:02:04.692  2004  2021 D ShellBackPreview: Finishing gesture with event action: 1
12-09 02:02:04.692  2004  2021 D ShellBackPreview: onGestureFinished() mTriggerBack == false
12-09 02:02:04.692  2004  2021 D ShellBackPreview: Trigger back without dispatching to animator.
12-09 02:02:04.692  2004  2021 D ShellBackPreview: BackAnimationController: finishBackNavigation()
12-09 02:02:04.693  1378  3413 D CoreBackPreview: onBackNavigationDone backType=4, triggerBack=false
12-09 02:02:04.715  1378  2925 D CoreBackPreview: Window{117cbc1 u0 PopupWindow:1a41f7f}: Setting back callback OnBackInvokedCallbackInfo{mCallback=android.window.IOnBackInvokedCallback$Stub$Proxy@528f0c0, mPriority=0, mIsAnimationCallback=false}
12-09 02:02:04.765  1378  3429 W PackageConfigPersister: App-specific configuration not found for packageName: org.wikipedia.alpha and userId: 0
12-09 02:02:05.676  1378  2925 D CoreBackPreview: Window{117cbc1 u0 PopupWindow:1a41f7f}: Setting back callback null
12-09 02:02:05.691  1378  1510 V WindowManager: Unknown focus tokens, dropping reportFocusChanged
12-09 02:02:05.694  1378  3413 W OptProp : Cannot read opt property android.window.PROPERTY_COMPAT_ALLOW_ORIENTATION_OVERRIDE
12-09 02:02:05.695  1378  3413 W OptProp : Cannot read opt property android.window.PROPERTY_COMPAT_ALLOW_RESIZEABLE_ACTIVITY_OVERRIDES
12-09 02:02:05.696  1378  3413 W OptProp : Cannot read opt property android.window.PROPERTY_COMPAT_ALLOW_MIN_ASPECT_RATIO_OVERRIDE
12-09 02:02:05.707  1378  3413 I ActivityTaskManager: START u0 {cmp=org.wikipedia.alpha/org.wikipedia.settings.SettingsActivity} with LAUNCH_MULTIPLE from uid 10293 (BAL_ALLOW_VISIBLE_WINDOW) result code=0
