12-09 14:58:24.943  1378  1510 D DisplayManagerService: Ignore redundant display event 0/4 to 10274/28497
12-09 14:58:24.946  1378  1508 I DisplayDevice: [0] Layerstack set to -1 for local:4619827677550801152
12-09 14:58:25.140  1378  1559 D BrightnessThermalClamper: Thermal status observer already started
12-09 14:58:25.141  1378  1510 D DisplayManagerService: Ignore redundant display event 0/2 to 10125/5310
12-09 14:58:25.141  1378  1510 D DisplayManagerService: Ignore redundant display event 0/2 to 10126/6201
12-09 14:58:25.141  1378  1510 D DisplayManagerService: Ignore redundant display event 0/2 to 10197/6799
12-09 14:58:25.141  1378  1559 I DreamManagerService: Entering dreamland.
12-09 14:58:25.141  1378  1510 D DisplayManagerService: Ignore redundant display event 0/2 to 10088/6838
12-09 14:58:25.141   875  1869 I Lyric   : spectral_driver.cc:137: Ambient light sampling has been disabled. Stream consumer count: 0
12-09 14:58:25.142  1378  1559 I PowerManagerService: Dozing...
12-09 14:58:25.142  1378  1510 D DisplayManagerService: Ignore redundant display event 0/2 to 10277/8829
12-09 14:58:25.142  1378  1510 D DisplayManagerService: Ignore redundant display event 0/2 to 10293/12051
12-09 14:58:25.142  1378  1510 D DisplayManagerService: Ignore redundant display event 0/2 to 10204/12598
12-09 14:58:25.142  1378  1510 D DisplayManagerService: Ignore redundant display event 0/2 to 10176/12937
12-09 14:58:25.143  1378  1510 D DisplayManagerService: Ignore redundant display event 0/2 to 10082/25575
12-09 14:58:25.145  1378  1510 D DisplayManagerService: Ignore redundant display event 0/2 to 10274/28497
12-09 14:58:25.145  1378  1507 I DreamController: Starting dream: name=ComponentInfo{com.android.systemui/com.android.systemui.doze.DozeService}, isPreviewMode=false, canDoze=true, userId=0, reason='power manager request'
12-09 14:58:25.173  2004  2004 V DreamService[DozeService]: UpdateDoze mDozeScreenState=1 mDozeScreenBrightness=6
12-09 14:58:25.174  2004  2144 V DreamService[DozeService]: UpdateDoze mDozeScreenState=1 mDozeScreenBrightness=34
12-09 14:58:25.175  1378  1559 I DisplayPowerController2[0]: BrightnessEvent: disp=0, physDisp=local:4619827677550801152, displayState=OFF, displayPolicy=DOZE, brt=0.0, initBrt=0.0, rcmdBrt=NaN, preBrt=NaN, lux=0.0, preLux=0.0, hbmMax=0.6, hbmMode=off, rbcStrength=50, thrmMax=1.0, powerFactor=1.0, wasShortTermModelActive=false, flags=, reason=screen_off, autoBrightness=true, strategy=ScreenOffBrightnessStrategy, autoBrightnessMode=default
12-09 14:58:25.194  1378  1378 I PowerManagerService: onFlip(): Face up.
12-09 14:58:25.211  1378  1960 I MR2ServiceImpl: Updating composite discovery preference | preference: RouteDiscoveryRequest{ preferredFeatures={}, activeScan=false }, active routers: []
12-09 14:58:25.244  1378  2080 D SystemServerTiming: getUserSwitchability-0
12-09 14:58:25.244  1378  2080 D SystemServerTiming: TM.isInCall
12-09 14:58:25.244  1378  3411 D SystemServerTiming: getUserSwitchability-0
12-09 14:58:25.244  1378  3411 D SystemServerTiming: TM.isInCall
12-09 14:58:25.245  1378  2080 D SystemServerTiming: hasUserRestriction-DISALLOW_USER_SWITCH
12-09 14:58:25.245  1378  3411 D SystemServerTiming: hasUserRestriction-DISALLOW_USER_SWITCH
12-09 14:58:25.245  1378  3411 D SystemServerTiming: getInt-ALLOW_USER_SWITCHING_WHEN_SYSTEM_USER_LOCKED
12-09 14:58:25.245  1378  2080 D SystemServerTiming: getInt-ALLOW_USER_SWITCHING_WHEN_SYSTEM_USER_LOCKED
12-09 14:58:25.245  1378  3411 D SystemServerTiming: isUserUnlocked-USER_SYSTEM
12-09 14:58:25.245  1378  2080 D SystemServerTiming: isUserUnlocked-USER_SYSTEM
12-09 14:58:25.253  1378  1905 D CompatChangeReporter: Compat change id reported: 262645982; UID 10204; state: ENABLED
12-09 14:58:25.317  1378  3411 W AppOps  : Noting op not finished: uid 10149 pkg com.google.android.gms code 79 startTime of in progress event=1733735252854
12-09 14:58:25.324  1378  2293 W AppOps  : Noting op not finished: uid 10149 pkg com.google.android.gms code 113 startTime of in progress event=1733735252854
12-09 14:58:25.343  1378  2080 W AppOps  : Noting op not finished: uid 10149 pkg com.google.android.gms code 113 startTime of in progress event=1733735252854
12-09 14:58:25.352  1378  3411 W AppOps  : Noting op not finished: uid 10149 pkg com.google.android.gms code 113 startTime of in progress event=1733735252854
12-09 14:58:25.360  1378  2293 W AppOps  : Noting op not finished: uid 10149 pkg com.google.android.gms code 113 startTime of in progress event=1733735252854
12-09 14:58:25.911  2004 13906 V WindowManagerShell: onTransitionReady(transaction=5918464998109)
12-09 14:58:25.911  1378  1507 V WindowManager: Sent Transition (#826) createdAt=12-09 14:58:25.907 via request=TransitionRequestInfo { type = SLEEP, triggerTask = null, pipTask = null, remoteTransition = null, displayChange = null, flags = 0, debugId = 826 }
12-09 14:58:25.911  1378  1507 V WindowManager:     startWCT=null
12-09 14:58:25.911  1378  1507 V WindowManager:     info={id=826 t=SLEEP f=0x0 trk=0 r=[] c=[]}
12-09 14:58:25.911  2004  2021 V WindowManagerShell: Transition requested (#826): android.os.BinderProxy@d780f58 TransitionRequestInfo { type = SLEEP, triggerTask = null, pipTask = null, remoteTransition = null, displayChange = null, flags = 0, debugId = 826 }
12-09 14:58:25.913  1378  2293 W Transition: Transition already started id=826 state=2
12-09 14:58:25.914  2004  2021 V WindowManagerShell: onTransitionReady (#826) android.os.BinderProxy@d780f58: {id=826 t=SLEEP f=0x0 trk=0 r=[] c=[]}
12-09 14:58:25.915  2004  2021 V WindowManagerShell: No transition roots in (#826) android.os.BinderProxy@d780f58@0 so abort
12-09 14:58:25.917  2004  2021 V WindowManagerShell: Transition animation finished (aborted=true), notifying core (#826) android.os.BinderProxy@d780f58@0
12-09 14:58:25.919  1378  1507 V WindowManager: Finish Transition (#826): created at 12-09 14:58:25.907 collect-started=0.287ms request-sent=0.505ms started=1.72ms ready=1.709ms sent=2.158ms finished=11.021ms
12-09 14:58:25.921  2004  2021 V WindowManagerShell: Track 0 became idle
12-09 14:58:25.921  2004  2021 V WindowManagerShell: All active transition animations finished
12-09 14:58:25.923  1378  2293 W UserManagerService: Requested status bar icon for non-badged user 0
12-09 14:58:26.440  1378  1960 I MR2ServiceImpl: Updating composite discovery preference | preference: RouteDiscoveryRequest{ preferredFeatures={}, activeScan=false }, active routers: []
12-09 14:58:28.914  1378  1844 D ActivityManager: freezing 21529 com.google.android.apps.privacy.wildlife
12-09 14:58:29.430  1378  1530 D ActivityManager: sync unfroze 7651 com.android.systemui:screenshot for 10
12-09 14:58:29.446  1378  3413 W UserManagerService: Requested status bar icon for non-badged user 0
12-09 14:58:29.450  1378  3413 D SystemServerTiming: getUserSwitchability-0
12-09 14:58:29.450  1378  3413 D SystemServerTiming: TM.isInCall
12-09 14:58:29.450  1378  3413 D SystemServerTiming: hasUserRestriction-DISALLOW_USER_SWITCH
12-09 14:58:29.450  1378  3413 D SystemServerTiming: getInt-ALLOW_USER_SWITCHING_WHEN_SYSTEM_USER_LOCKED
12-09 14:58:29.451  1378  3413 D SystemServerTiming: isUserUnlocked-USER_SYSTEM
12-09 14:58:31.377  1378  3413 W UriGrantsManagerService: No permission grants found for com.google.android.apps.photos
12-09 14:58:31.390  1378  2293 W UriGrantsManagerService: No permission grants found for com.google.android.apps.photos
12-09 14:58:31.461  1378  2293 W UriGrantsManagerService: No permission grants found for com.google.android.apps.photos
12-09 14:58:31.462  1378  2293 W UriGrantsManagerService: No permission grants found for com.google.android.apps.photos
12-09 14:58:31.510  1378  2293 W UriGrantsManagerService: No permission grants found for com.google.android.apps.photos
12-09 14:58:31.511  1378  2293 W UriGrantsManagerService: No permission grants found for com.google.android.apps.photos
12-09 14:58:31.538  1378  2293 W UriGrantsManagerService: No permission grants found for com.google.android.apps.photos
12-09 14:58:31.538  1378  2293 W UriGrantsManagerService: No permission grants found for com.google.android.apps.photos
12-09 14:58:31.564  1378  2293 W UriGrantsManagerService: No permission grants found for com.google.android.apps.photos
12-09 14:58:31.564  1378  2293 W UriGrantsManagerService: No permission grants found for com.google.android.apps.photos
12-09 14:58:33.055  1378  3413 W JobScheduler: Job didn't exist in JobStore: 16b26 {androidx.work.systemjobscheduler} #u0a191/555000806 @androidx.work.systemjobscheduler@com.google.android.apps.photos/androidx.work.impl.background.systemjob.SystemJobService
12-09 14:58:34.439  1378  1844 D ActivityManager: freezing 30423 android.process.acore
12-09 14:58:41.190  1378  2080 W BatteryExternalStatsWorker: error reading Bluetooth stats: 11
12-09 14:58:41.479  1378  1835 I UsageStatsService: User[0] Flushing usage stats to disk
12-09 14:58:47.622   954   954 I vendor.google.wifi_ext-service-vendor: Wifi: Resetting SAR Scenario to default
12-09 14:58:49.486  1378  1844 D ActivityManager: freezing 7651 com.android.systemui:screenshot
12-09 14:59:35.403   954   954 I vendor.google.wifi_ext-service-vendor: Wifi: Setting SAR Scenario to 3
12-09 15:00:00.768  1378  1530 D ActivityManager: sync unfroze 24336 com.google.android.settings.intelligence for 3
12-09 15:00:00.769  1378  1530 D ActivityManager: sync unfroze 6585 com.android.settings for 3
12-09 15:00:00.771  1378  1530 D ActivityManager: sync unfroze 6360 com.android.DeviceAsWebcam for 10
12-09 15:00:00.772  1378  1530 D ActivityManager: sync unfroze 3062 com.android.keychain for 10
12-09 15:00:00.773  1378  1530 D ActivityManager: sync unfroze 29666 system:ui for 10
12-09 15:00:00.775  1378  1530 D ActivityManager: sync unfroze 5483 com.android.dynsystem:dynsystem for 10
12-09 15:00:00.776  1378  1530 D ActivityManager: sync unfroze 5464 com.android.dynsystem for 10
12-09 15:00:00.776  1378  1530 D ActivityManager: sync unfroze 3049 com.google.android.repairmode for 10
12-09 15:00:00.777  1378  1530 D ActivityManager: sync unfroze 3907 com.android.localtransport for 10
12-09 15:00:03.721   954   954 I vendor.google.wifi_ext-service-vendor: Wifi: Resetting SAR Scenario to default
12-09 15:00:24.849  1378  1546 D KernelCpuUidUserSysTimeReader: Removing uids 90000-90000
12-09 15:00:56.418  1378  1546 D KernelCpuUidUserSysTimeReader: Removing uids 99049-99049
12-09 15:00:56.420  1378  1546 D KernelCpuUidUserSysTimeReader: Removing uids 90000-90000
12-09 15:00:59.007  1378  1844 D ActivityManager: freezing 23580 com.google.android.apps.photos
12-09 15:01:42.324  1378  2080 E BatteryStatsService: Invalid uid for waking network packet: -1
12-09 15:02:24.840  1378  1546 D KernelCpuUidUserSysTimeReader: Removing uids 90003-90003
12-09 15:03:15.516  1378  1546 D KernelCpuUidUserSysTimeReader: Removing uids 99043-99043
12-09 15:05:49.281  1378  2379 E BatteryStatsService: Invalid uid for waking network packet: -1
12-09 15:05:49.281  1378  2379 E BatteryStatsService: Invalid uid for waking network packet: -1
12-09 15:05:50.547   954   954 I vendor.google.wifi_ext-service-vendor: Wifi: Setting SAR Scenario to 3
12-09 15:06:30.584  1378  2925 I PowerGroup: Waking up power group from Dozing (groupId=0, uid=10225, reason=WAKE_REASON_LIFT, details=com.android.systemui:NODOZE pickup)...
12-09 15:06:30.585  1378  2925 I PowerManagerService: Waking up from Dozing (uid=10225, reason=WAKE_REASON_LIFT, details=com.android.systemui:NODOZE pickup)...
12-09 15:06:30.590  1378  1559 I DisplayPowerController2[0]: Blocking screen on until initial contents have been drawn.
12-09 15:06:30.591  1378  1559 I DisplayBrightnessStrategySelector: Changing the DisplayBrightnessStrategy from ScreenOffBrightnessStrategy to InvalidBrightnessStrategy for display 0
12-09 15:06:30.592  1378  3413 D CoreBackPreview: Window{8aba62f u0 NotificationShade}: Setting back callback OnBackInvokedCallbackInfo{mCallback=android.window.IOnBackInvokedCallback$Stub$Proxy@ae905ab, mPriority=0, mIsAnimationCallback=false}
12-09 15:06:30.608  1378  1960 I MR2ServiceImpl: Updating composite discovery preference | preference: RouteDiscoveryRequest{ preferredFeatures={}, activeScan=false }, active routers: []
12-09 15:06:30.616  1378  1559 V DisplayPowerController2[0]: Brightness [0.02657605] reason changing to: 'screen_off_brightness_sensor', previous reason: 'screen_off'.
12-09 15:06:30.616  1378  1559 I DisplayPowerController2[0]: BrightnessEvent: disp=0, physDisp=local:4619827677550801152, displayState=ON, displayPolicy=BRIGHT, brt=0.02657605, initBrt=0.0, rcmdBrt=NaN, preBrt=NaN, lux=NaN, preLux=NaN, hbmMax=0.6, hbmMode=off, rbcStrength=50, thrmMax=1.0, powerFactor=1.0, wasShortTermModelActive=false, flags=invalid_lux , reason=screen_off_brightness_sensor, autoBrightness=true, strategy=InvalidBrightnessStrategy, autoBrightnessMode=default
12-09 15:06:30.619  1378  1510 I DisplayDeviceRepository: Display device changed state: "Built-in Screen", ON
12-09 15:06:30.622  1378  1511 I DisplayDevice: [0] Layerstack set to 0 for local:4619827677550801152
12-09 15:06:30.622  1378  1510 D DisplayManagerService: Ignore redundant display event 0/2 to 10125/5310
12-09 15:06:30.622  1378  1510 D DisplayManagerService: Ignore redundant display event 0/2 to 10126/6201
12-09 15:06:30.622  1378  1510 D DisplayManagerService: Ignore redundant display event 0/2 to 10197/6799
12-09 15:06:30.622  1378  1510 D DisplayManagerService: Ignore redundant display event 0/2 to 10088/6838
12-09 15:06:30.622  1378  1510 D DisplayManagerService: Ignore redundant display event 0/2 to 10277/8829
12-09 15:06:30.622  1378  1510 D DisplayManagerService: Ignore redundant display event 0/2 to 10293/12051
12-09 15:06:30.622  1378  1510 D DisplayManagerService: Ignore redundant display event 0/2 to 10176/12937
12-09 15:06:30.622  1378  1510 D DisplayManagerService: Ignore redundant display event 0/2 to 10082/25575
12-09 15:06:30.623  1378  1510 D DisplayManagerService: Ignore redundant display event 0/2 to 10274/28497
12-09 15:06:30.628  1378  1559 D BrightnessThermalClamper: Thermal status observer already started
12-09 15:06:30.637  1378  1378 I BrightnessSynchronizer: [249] New Update 0.02657605(f) set brightness values:  8(i)
12-09 15:06:30.644  1378  1960 I MR2ServiceImpl: Updating composite discovery preference | preference: RouteDiscoveryRequest{ preferredFeatures={}, activeScan=false }, active routers: []
12-09 15:06:30.648  1378  1378 I BrightnessSynchronizer: Swallowing update of 8(i) by update: {[249] 0.02657605(f), mUpdatedTypes=1, mConfirmedTypes=1, mTimeUpdated=15642140}
12-09 15:06:30.648  1378  1378 I BrightnessSynchronizer: Completed Update: {[249] 0.02657605(f), mUpdatedTypes=1, mConfirmedTypes=1, mTimeUpdated=15642140}
12-09 15:06:30.665  1378  1559 I DisplayPowerController2[0]: Unblocked screen on after 75 ms
12-09 15:06:30.733  1378  9423 W ContextImpl: Calling a method in the system process without a qualified user: android.app.ContextImpl.sendBroadcastMultiplePermissions:1299 android.content.Context.sendBroadcastMultiplePermissions:2522 com.android.server.TelephonyRegistry.broadcastServiceStateChanged:3697 com.android.server.TelephonyRegistry.notifyServiceStateForPhoneId:1759 com.android.internal.telephony.ITelephonyRegistry$Stub.onTransact:546 
12-09 15:06:30.734  1378  9423 W ContextImpl: Calling a method in the system process without a qualified user: android.app.ContextImpl.sendBroadcastMultiplePermissions:1332 com.android.server.TelephonyRegistry.broadcastServiceStateChanged:3702 com.android.server.TelephonyRegistry.notifyServiceStateForPhoneId:1759 com.android.internal.telephony.ITelephonyRegistry$Stub.onTransact:546 android.os.Binder.execTransactInternal:1500 
12-09 15:06:30.736  1378  9423 W ContextImpl: Calling a method in the system process without a qualified user: android.app.ContextImpl.sendBroadcastMultiplePermissions:1332 com.android.server.TelephonyRegistry.broadcastServiceStateChanged:3711 com.android.server.TelephonyRegistry.notifyServiceStateForPhoneId:1759 com.android.internal.telephony.ITelephonyRegistry$Stub.onTransact:546 android.os.Binder.execTransactInternal:1500 
12-09 15:06:30.737  1378  9423 W ContextImpl: Calling a method in the system process without a qualified user: android.app.ContextImpl.sendBroadcastMultiplePermissions:1332 com.android.server.TelephonyRegistry.broadcastServiceStateChanged:3717 com.android.server.TelephonyRegistry.notifyServiceStateForPhoneId:1759 com.android.internal.telephony.ITelephonyRegistry$Stub.onTransact:546 android.os.Binder.execTransactInternal:1500 
12-09 15:06:30.738  1378  1530 D ActivityManager: sync unfroze 16790 com.google.android.cellbroadcastreceiver for 3
12-09 15:06:30.799   875  1869 I Lyric   : spectral_driver.cc:150: Ambient light sampling enabled with mode: 2 stream consumer count: 0
12-09 15:06:30.811  1378  1559 W PowerManagerService: Screen on took 228 ms
12-09 15:06:30.815  1378  1559 D BrightnessThermalClamper: Thermal status observer already started
12-09 15:06:30.815  1378  1559 I DreamManagerService: Gently waking up from dream.
12-09 15:06:30.818  2004  2021 D ShellSplitScreen: onFinishedWakingUp
12-09 15:06:30.828  1378 13931 I DreamManagerService: Leaving dreamland.
12-09 15:06:30.829  1378  1507 I DreamController: Stopping dream: name=ComponentInfo{com.android.systemui/com.android.systemui.doze.DozeService}, isPreviewMode=false, canDoze=true, userId=0, reason='finished self'(from 'power manager request')
12-09 15:06:30.832  1378  2925 E BatteryStatsService: Invalid uid for waking network packet: -1
12-09 15:06:30.835  1378  1530 D ActivityManager: sync unfroze 21529 com.google.android.apps.privacy.wildlife for 3
12-09 15:06:30.949  1378  1559 V DisplayPowerController2[0]: Brightness [0.08663305] reason changing to: 'automatic', previous reason: 'screen_off_brightness_sensor'.
12-09 15:06:30.949  1378  1559 I DisplayPowerController2[0]: BrightnessEvent: disp=0, physDisp=local:4619827677550801152, displayState=ON, displayPolicy=BRIGHT, brt=0.08663305, initBrt=0.02657605, rcmdBrt=0.08663305, preBrt=NaN, lux=100.11324, preLux=NaN, hbmMax=0.6, hbmMode=off, rbcStrength=50, thrmMax=1.0, powerFactor=1.0, wasShortTermModelActive=false, flags=, reason=automatic, autoBrightness=true, strategy=InvalidBrightnessStrategy, autoBrightnessMode=default
12-09 15:06:30.951  1378  1378 I BrightnessSynchronizer: [250] New Update 0.08663305(f) set brightness values:  23(i)
12-09 15:06:30.952  1378  1378 I BrightnessSynchronizer: Swallowing update of 23(i) by update: {[250] 0.08663305(f), mUpdatedTypes=1, mConfirmedTypes=1, mTimeUpdated=15642454}
12-09 15:06:30.952  1378  1378 I BrightnessSynchronizer: Completed Update: {[250] 0.08663305(f), mUpdatedTypes=1, mConfirmedTypes=1, mTimeUpdated=15642454}
12-09 15:06:35.929  1378  1559 I DisplayPowerController2[0]: BrightnessEvent: disp=0, physDisp=local:4619827677550801152, displayState=ON, displayPolicy=BRIGHT, brt=0.068876326, initBrt=0.08663305, rcmdBrt=0.068876326, preBrt=0.08663305, lux=32.493797, preLux=100.11324, hbmMax=0.6, hbmMode=off, rbcStrength=50, thrmMax=1.0, powerFactor=1.0, wasShortTermModelActive=false, flags=, reason=automatic, autoBrightness=true, strategy=InvalidBrightnessStrategy, autoBrightnessMode=default
12-09 15:06:35.931  1378  1510 D DisplayManagerService: Ignore redundant display event 0/4 to 10125/5310
12-09 15:06:35.931  1378  1510 D DisplayManagerService: Ignore redundant display event 0/4 to 10126/6201
12-09 15:06:35.931  1378  1510 D DisplayManagerService: Ignore redundant display event 0/4 to 10197/6799
12-09 15:06:35.931  1378  1510 D DisplayManagerService: Ignore redundant display event 0/4 to 10088/6838
12-09 15:06:35.931  1378  1510 D DisplayManagerService: Ignore redundant display event 0/4 to 10277/8829
12-09 15:06:35.931  1378  1510 D DisplayManagerService: Ignore redundant display event 0/4 to 10293/12051
12-09 15:06:35.931  1378  1510 D DisplayManagerService: Ignore redundant display event 0/4 to 10204/12598
12-09 15:06:35.931  1378  1510 D DisplayManagerService: Ignore redundant display event 0/4 to 10176/12937
12-09 15:06:35.931  1378  1510 D DisplayManagerService: Ignore redundant display event 0/4 to 10191/23580
12-09 15:06:35.931  1378  1510 D DisplayManagerService: Ignore redundant display event 0/4 to 10082/25575
12-09 15:06:35.931  1378  1510 D DisplayManagerService: Ignore redundant display event 0/4 to 10274/28497
12-09 15:06:35.932  1378  1378 I BrightnessSynchronizer: [251] New Update 0.068876326(f) set brightness values:  18(i)
12-09 15:06:35.934  1378  1378 I BrightnessSynchronizer: Swallowing update of 18(i) by update: {[251] 0.068876326(f), mUpdatedTypes=1, mConfirmedTypes=1, mTimeUpdated=15647435}
12-09 15:06:35.934  1378  1378 I BrightnessSynchronizer: Completed Update: {[251] 0.068876326(f), mUpdatedTypes=1, mConfirmedTypes=1, mTimeUpdated=15647435}
12-09 15:06:36.437  1378  1844 D ActivityManager: freezing 6585 com.android.settings
12-09 15:06:36.439  1378  1844 D ActivityManager: freezing 24336 com.google.android.settings.intelligence
12-09 15:06:36.440  1378  1844 D ActivityManager: freezing 6360 com.android.DeviceAsWebcam
12-09 15:06:36.441  1378  1844 D ActivityManager: freezing 3062 com.android.keychain
12-09 15:06:36.442  1378  1844 D ActivityManager: freezing 29666 system:ui
12-09 15:06:36.443  1378  1844 D ActivityManager: freezing 5483 com.android.dynsystem:dynsystem
12-09 15:06:36.443  1378  1844 D ActivityManager: freezing 5464 com.android.dynsystem
12-09 15:06:36.444  1378  1844 D ActivityManager: freezing 3049 com.google.android.repairmode
12-09 15:06:36.445  1378  1844 D ActivityManager: freezing 3907 com.android.localtransport
12-09 15:06:38.590  1378  1559 V DisplayPowerController2[0]: Brightness [0.028876327] reason changing to: 'automatic [ dim ]', previous reason: 'automatic'.
12-09 15:06:38.591  1378  1559 I DisplayPowerController2[0]: BrightnessEvent: disp=0, physDisp=local:4619827677550801152, displayState=ON, displayPolicy=DIM, brt=0.028876327, initBrt=0.068876326, rcmdBrt=0.068876326, preBrt=0.08663305, lux=32.493797, preLux=100.11324, hbmMax=0.6, hbmMode=off, rbcStrength=50, thrmMax=1.0, powerFactor=1.0, wasShortTermModelActive=false, flags=, reason=automatic [ dim ], autoBrightness=true, strategy=InvalidBrightnessStrategy, autoBrightnessMode=default
12-09 15:06:38.593  1378  1510 D DisplayManagerService: Ignore redundant display event 0/4 to 10125/5310
12-09 15:06:38.593  1378  1510 D DisplayManagerService: Ignore redundant display event 0/4 to 10126/6201
12-09 15:06:38.593  1378  1510 D DisplayManagerService: Ignore redundant display event 0/4 to 10197/6799
12-09 15:06:38.593  1378  1510 D DisplayManagerService: Ignore redundant display event 0/4 to 10088/6838
12-09 15:06:38.593  1378  1510 D DisplayManagerService: Ignore redundant display event 0/4 to 10277/8829
12-09 15:06:38.593  1378  1510 D DisplayManagerService: Ignore redundant display event 0/4 to 10293/12051
12-09 15:06:38.593  1378  1510 D DisplayManagerService: Ignore redundant display event 0/4 to 10204/12598
12-09 15:06:38.594  1378  1510 D DisplayManagerService: Ignore redundant display event 0/4 to 10176/12937
12-09 15:06:38.594  1378  1510 D DisplayManagerService: Ignore redundant display event 0/4 to 10191/23580
12-09 15:06:38.594  1378  1510 D DisplayManagerService: Ignore redundant display event 0/4 to 10082/25575
12-09 15:06:38.594  1378  1510 D DisplayManagerService: Ignore redundant display event 0/4 to 10274/28497
12-09 15:06:40.586  1378  1559 I PowerGroup: Powering off display group due to timeout (groupId= 0, uid= 1000, millisSinceLastUserActivity=10001, lastUserActivityEvent=other)...
12-09 15:06:40.587  1378  1559 I PowerManagerService: Going to sleep due to timeout (uid 1000, screenOffTimeout=30000, activityTimeoutWM=10000, maxDimRatio=0.20000005, maxDimDur=7000)...
12-09 15:06:40.603  1378  1767 D CoreBackPreview: Window{8aba62f u0 NotificationShade}: Setting back callback null
12-09 15:06:40.680  1378  1559 V DisplayPowerController2[0]: Brightness [0.068876326] reason changing to: 'automatic', previous reason: 'automatic [ dim ]'.
12-09 15:06:40.681  1378  1559 I DisplayPowerController2[0]: BrightnessEvent: disp=0, physDisp=local:4619827677550801152, displayState=ON, displayPolicy=OFF, brt=0.068876326, initBrt=0.028876327, rcmdBrt=0.068876326, preBrt=0.08663305, lux=32.493797, preLux=100.11324, hbmMax=0.6, hbmMode=off, rbcStrength=50, thrmMax=1.0, powerFactor=1.0, wasShortTermModelActive=false, flags=, reason=automatic, autoBrightness=true, strategy=InvalidBrightnessStrategy, autoBrightnessMode=default
12-09 15:06:40.682  1378  1510 D DisplayManagerService: Ignore redundant display event 0/4 to 10125/5310
12-09 15:06:40.682  1378  1510 D DisplayManagerService: Ignore redundant display event 0/4 to 10126/6201
12-09 15:06:40.682  1378  1510 D DisplayManagerService: Ignore redundant display event 0/4 to 10197/6799
12-09 15:06:40.682  1378  1510 D DisplayManagerService: Ignore redundant display event 0/4 to 10088/6838
12-09 15:06:40.682  1378  1510 D DisplayManagerService: Ignore redundant display event 0/4 to 10277/8829
12-09 15:06:40.682  1378  1510 D DisplayManagerService: Ignore redundant display event 0/4 to 10293/12051
12-09 15:06:40.682  1378  1510 D DisplayManagerService: Ignore redundant display event 0/4 to 10204/12598
12-09 15:06:40.682  1378  1510 D DisplayManagerService: Ignore redundant display event 0/4 to 10176/12937
12-09 15:06:40.682  1378  1510 D DisplayManagerService: Ignore redundant display event 0/4 to 10191/23580
12-09 15:06:40.682  1378  1510 D DisplayManagerService: Ignore redundant display event 0/4 to 10082/25575
12-09 15:06:40.682  1378  1510 D DisplayManagerService: Ignore redundant display event 0/4 to 10274/28497
12-09 15:06:40.758  1378  1844 D ActivityManager: freezing 16790 com.google.android.cellbroadcastreceiver
12-09 15:06:41.086  1378  1559 I DisplayPowerController2[0]: Blocking screen off
12-09 15:06:41.087  1378  1559 I DisplayPowerController2[0]: Unblocked screen off after 0 ms
12-09 15:06:41.092  1378  1559 I DisplayBrightnessStrategySelector: Changing the DisplayBrightnessStrategy from InvalidBrightnessStrategy to ScreenOffBrightnessStrategy for display 0
12-09 15:06:41.126  1378  1559 V DisplayPowerController2[0]: Brightness [0.0] reason changing to: 'screen_off', previous reason: 'automatic'.
12-09 15:06:41.127  1378  1559 I DisplayPowerController2[0]: BrightnessEvent: disp=0, physDisp=local:4619827677550801152, displayState=OFF, displayPolicy=OFF, brt=0.0, initBrt=0.068876326, rcmdBrt=NaN, preBrt=NaN, lux=0.0, preLux=0.0, hbmMax=0.6, hbmMode=off, rbcStrength=50, thrmMax=1.0, powerFactor=1.0, wasShortTermModelActive=false, flags=, reason=screen_off, autoBrightness=true, strategy=ScreenOffBrightnessStrategy, autoBrightnessMode=default
12-09 15:06:41.129  1378  1510 I DisplayDeviceRepository: Display device changed state: "Built-in Screen", OFF
12-09 15:06:41.131  1378  1559 D BrightnessThermalClamper: Thermal status observer already started
12-09 15:06:41.138  1378  1508 I DisplayDevice: [0] Layerstack set to -1 for local:4619827677550801152
12-09 15:06:41.306   875  1869 I Lyric   : spectral_driver.cc:137: Ambient light sampling has been disabled. Stream consumer count: 0
12-09 15:06:41.308  1378  1559 D BrightnessThermalClamper: Thermal status observer already started
12-09 15:06:41.309  1378  1559 I DreamManagerService: Entering dreamland.
12-09 15:06:41.314  1378  1559 I PowerManagerService: Dozing...
12-09 15:06:41.319  1378  1507 I DreamController: Starting dream: name=ComponentInfo{com.android.systemui/com.android.systemui.doze.DozeService}, isPreviewMode=false, canDoze=true, userId=0, reason='power manager request'
12-09 15:06:41.346  2004  2004 V DreamService[DozeService]: UpdateDoze mDozeScreenState=1 mDozeScreenBrightness=34
12-09 15:06:41.347  1378  1559 I DisplayPowerController2[0]: BrightnessEvent: disp=0, physDisp=local:4619827677550801152, displayState=OFF, displayPolicy=DOZE, brt=0.0, initBrt=0.0, rcmdBrt=NaN, preBrt=NaN, lux=0.0, preLux=0.0, hbmMax=0.6, hbmMode=off, rbcStrength=50, thrmMax=1.0, powerFactor=1.0, wasShortTermModelActive=false, flags=, reason=screen_off, autoBrightness=true, strategy=ScreenOffBrightnessStrategy, autoBrightnessMode=default
12-09 15:06:41.390  1378  1378 I PowerManagerService: onFlip(): Face up.
12-09 15:06:41.405  1378  1960 I MR2ServiceImpl: Updating composite discovery preference | preference: RouteDiscoveryRequest{ preferredFeatures={}, activeScan=false }, active routers: []
12-09 15:06:41.442  1378  2379 W AppOps  : Noting op not finished: uid 10149 pkg com.google.android.gms code 79 startTime of in progress event=1733735252854
12-09 15:06:41.448  1378  2379 W AppOps  : Noting op not finished: uid 10149 pkg com.google.android.gms code 113 startTime of in progress event=1733735252854
12-09 15:06:41.454  1378  2379 W AppOps  : Noting op not finished: uid 10149 pkg com.google.android.gms code 113 startTime of in progress event=1733735252854
12-09 15:06:41.457  1378 10809 W AppOps  : Noting op not finished: uid 10149 pkg com.google.android.gms code 113 startTime of in progress event=1733735252854
12-09 15:06:41.463  1378  2180 W AppOps  : Noting op not finished: uid 10149 pkg com.google.android.gms code 113 startTime of in progress event=1733735252854
12-09 15:06:42.608  1378  1960 I MR2ServiceImpl: Updating composite discovery preference | preference: RouteDiscoveryRequest{ preferredFeatures={}, activeScan=false }, active routers: []
12-09 15:06:45.053  1378  2379 I PowerGroup: Waking up power group from Dozing (groupId=0, uid=10225, reason=WAKE_REASON_LIFT, details=com.android.systemui:NODOZE pickup)...
12-09 15:06:45.054  1378  2379 I PowerManagerService: Waking up from Dozing (uid=10225, reason=WAKE_REASON_LIFT, details=com.android.systemui:NODOZE pickup)...
12-09 15:06:45.058  1378  1559 I DisplayPowerController2[0]: Blocking screen on until initial contents have been drawn.
12-09 15:06:45.061  1378  1559 I DisplayBrightnessStrategySelector: Changing the DisplayBrightnessStrategy from ScreenOffBrightnessStrategy to InvalidBrightnessStrategy for display 0
12-09 15:06:45.063  1378  1960 I MR2ServiceImpl: Updating composite discovery preference | preference: RouteDiscoveryRequest{ preferredFeatures={}, activeScan=false }, active routers: []
12-09 15:06:45.074  1378 10809 D CoreBackPreview: Window{8aba62f u0 NotificationShade}: Setting back callback OnBackInvokedCallbackInfo{mCallback=android.window.IOnBackInvokedCallback$Stub$Proxy@530652b, mPriority=0, mIsAnimationCallback=false}
12-09 15:06:45.101  1378  1559 V DisplayPowerController2[0]: Brightness [0.02657605] reason changing to: 'screen_off_brightness_sensor', previous reason: 'screen_off'.
12-09 15:06:45.101  1378  1559 I DisplayPowerController2[0]: BrightnessEvent: disp=0, physDisp=local:4619827677550801152, displayState=ON, displayPolicy=BRIGHT, brt=0.02657605, initBrt=0.0, rcmdBrt=NaN, preBrt=NaN, lux=NaN, preLux=NaN, hbmMax=0.6, hbmMode=off, rbcStrength=50, thrmMax=1.0, powerFactor=1.0, wasShortTermModelActive=false, flags=invalid_lux , reason=screen_off_brightness_sensor, autoBrightness=true, strategy=InvalidBrightnessStrategy, autoBrightnessMode=default
12-09 15:06:45.103  1378  1510 I DisplayDeviceRepository: Display device changed state: "Built-in Screen", ON
12-09 15:06:45.107  1378  1559 D BrightnessThermalClamper: Thermal status observer already started
12-09 15:06:45.107  1378  1511 I DisplayDevice: [0] Layerstack set to 0 for local:4619827677550801152
12-09 15:06:45.115  1378  1378 I BrightnessSynchronizer: [255] New Update 0.02657605(f) set brightness values:  8(i)
12-09 15:06:45.121  1378  1960 I MR2ServiceImpl: Updating composite discovery preference | preference: RouteDiscoveryRequest{ preferredFeatures={}, activeScan=false }, active routers: []
12-09 15:06:45.123  1378  1559 V DisplayPowerController2[0]: Brightness [0.064961486] reason changing to: 'automatic', previous reason: 'screen_off_brightness_sensor'.
12-09 15:06:45.123  1378  1559 I DisplayPowerController2[0]: BrightnessEvent: disp=0, physDisp=local:4619827677550801152, displayState=ON, displayPolicy=BRIGHT, brt=0.064961486, initBrt=0.02657605, rcmdBrt=0.064961486, preBrt=NaN, lux=26.812645, preLux=NaN, hbmMax=0.6, hbmMode=off, rbcStrength=50, thrmMax=1.0, powerFactor=1.0, wasShortTermModelActive=false, flags=, reason=automatic, autoBrightness=true, strategy=InvalidBrightnessStrategy, autoBrightnessMode=default
12-09 15:06:45.123  1378  1559 I DisplayPowerController2[0]: Unblocked screen on after 65 ms
12-09 15:06:45.129  1378  1378 I BrightnessSynchronizer: Swallowing update of 8(i) by update: {[255] 0.02657605(f), mUpdatedTypes=1, mConfirmedTypes=1, mTimeUpdated=15655375}
12-09 15:06:45.129  1378  1378 I BrightnessSynchronizer: Completed Update: {[255] 0.02657605(f), mUpdatedTypes=1, mConfirmedTypes=1, mTimeUpdated=15655375}
12-09 15:06:45.130  1378  1378 I BrightnessSynchronizer: [256] New Update 0.064961486(f) set brightness values:  18(i)
12-09 15:06:45.138  1378  1378 I BrightnessSynchronizer: Swallowing update of 18(i) by update: {[256] 0.064961486(f), mUpdatedTypes=1, mConfirmedTypes=1, mTimeUpdated=15655389}
12-09 15:06:45.138  1378  1378 I BrightnessSynchronizer: Completed Update: {[256] 0.064961486(f), mUpdatedTypes=1, mConfirmedTypes=1, mTimeUpdated=15655389}
12-09 15:06:45.282   875  1869 I Lyric   : spectral_driver.cc:150: Ambient light sampling enabled with mode: 2 stream consumer count: 0
12-09 15:06:45.298  1378  1559 W PowerManagerService: Screen on took 245 ms
12-09 15:06:45.298  1378  1559 I DreamManagerService: Gently waking up from dream.
12-09 15:06:45.298  1378  1559 D BrightnessThermalClamper: Thermal status observer already started
12-09 15:06:45.319  2004  2021 D ShellSplitScreen: onFinishedWakingUp
12-09 15:06:45.320  1378  3411 I DreamManagerService: Leaving dreamland.
12-09 15:06:45.321  1378  1507 I DreamController: Stopping dream: name=ComponentInfo{com.android.systemui/com.android.systemui.doze.DozeService}, isPreviewMode=false, canDoze=true, userId=0, reason='finished self'(from 'power manager request')
12-09 15:06:53.059  1378  1559 V DisplayPowerController2[0]: Brightness [0.024961486] reason changing to: 'automatic [ dim ]', previous reason: 'automatic'.
12-09 15:06:53.060  1378  1559 I DisplayPowerController2[0]: BrightnessEvent: disp=0, physDisp=local:4619827677550801152, displayState=ON, displayPolicy=DIM, brt=0.024961486, initBrt=0.064961486, rcmdBrt=0.064961486, preBrt=NaN, lux=26.812645, preLux=NaN, hbmMax=0.6, hbmMode=off, rbcStrength=50, thrmMax=1.0, powerFactor=1.0, wasShortTermModelActive=false, flags=, reason=automatic [ dim ], autoBrightness=true, strategy=InvalidBrightnessStrategy, autoBrightnessMode=default
12-09 15:06:55.054  1378  1559 I PowerGroup: Powering off display group due to timeout (groupId= 0, uid= 1000, millisSinceLastUserActivity=10001, lastUserActivityEvent=other)...
12-09 15:06:55.055  1378  1559 I PowerManagerService: Going to sleep due to timeout (uid 1000, screenOffTimeout=30000, activityTimeoutWM=10000, maxDimRatio=0.20000005, maxDimDur=7000)...
12-09 15:06:55.072  1378  9423 D CoreBackPreview: Window{8aba62f u0 NotificationShade}: Setting back callback null
12-09 15:06:55.128  1378  1559 V DisplayPowerController2[0]: Brightness [0.064961486] reason changing to: 'automatic', previous reason: 'automatic [ dim ]'.
12-09 15:06:55.128  1378  1559 I DisplayPowerController2[0]: BrightnessEvent: disp=0, physDisp=local:4619827677550801152, displayState=ON, displayPolicy=OFF, brt=0.064961486, initBrt=0.024961486, rcmdBrt=0.064961486, preBrt=NaN, lux=26.812645, preLux=NaN, hbmMax=0.6, hbmMode=off, rbcStrength=50, thrmMax=1.0, powerFactor=1.0, wasShortTermModelActive=false, flags=, reason=automatic, autoBrightness=true, strategy=InvalidBrightnessStrategy, autoBrightnessMode=default
12-09 15:06:55.129  1378  1510 D DisplayManagerService: Ignore redundant display event 0/4 to 10125/5310
12-09 15:06:55.129  1378  1510 D DisplayManagerService: Ignore redundant display event 0/4 to 10126/6201
12-09 15:06:55.129  1378  1510 D DisplayManagerService: Ignore redundant display event 0/4 to 10197/6799
12-09 15:06:55.129  1378  1510 D DisplayManagerService: Ignore redundant display event 0/4 to 10088/6838
12-09 15:06:55.129  1378  1510 D DisplayManagerService: Ignore redundant display event 0/4 to 10277/8829
12-09 15:06:55.129  1378  1510 D DisplayManagerService: Ignore redundant display event 0/4 to 10293/12051
12-09 15:06:55.129  1378  1510 D DisplayManagerService: Ignore redundant display event 0/4 to 10204/12598
12-09 15:06:55.129  1378  1510 D DisplayManagerService: Ignore redundant display event 0/4 to 10176/12937
12-09 15:06:55.129  1378  1510 D DisplayManagerService: Ignore redundant display event 0/4 to 10191/23580
12-09 15:06:55.129  1378  1510 D DisplayManagerService: Ignore redundant display event 0/4 to 10082/25575
12-09 15:06:55.129  1378  1510 D DisplayManagerService: Ignore redundant display event 0/4 to 10274/28497
12-09 15:06:55.535  1378  1559 I DisplayPowerController2[0]: Blocking screen off
12-09 15:06:55.536  1378  1559 I DisplayPowerController2[0]: Unblocked screen off after 1 ms
12-09 15:06:55.542  1378  1559 I DisplayBrightnessStrategySelector: Changing the DisplayBrightnessStrategy from InvalidBrightnessStrategy to ScreenOffBrightnessStrategy for display 0
12-09 15:06:55.576  1378  1559 V DisplayPowerController2[0]: Brightness [0.0] reason changing to: 'screen_off', previous reason: 'automatic'.
12-09 15:06:55.576  1378  1559 I DisplayPowerController2[0]: BrightnessEvent: disp=0, physDisp=local:4619827677550801152, displayState=OFF, displayPolicy=OFF, brt=0.0, initBrt=0.064961486, rcmdBrt=NaN, preBrt=NaN, lux=0.0, preLux=0.0, hbmMax=0.6, hbmMode=off, rbcStrength=50, thrmMax=1.0, powerFactor=1.0, wasShortTermModelActive=false, flags=, reason=screen_off, autoBrightness=true, strategy=ScreenOffBrightnessStrategy, autoBrightnessMode=default
12-09 15:06:55.577  1378  1510 D DisplayManagerService: Ignore redundant display event 0/4 to 10125/5310
12-09 15:06:55.577  1378  1510 D DisplayManagerService: Ignore redundant display event 0/4 to 10126/6201
12-09 15:06:55.577  1378  1510 D DisplayManagerService: Ignore redundant display event 0/4 to 10197/6799
12-09 15:06:55.577  1378  1510 D DisplayManagerService: Ignore redundant display event 0/4 to 10088/6838
12-09 15:06:55.577  1378  1510 D DisplayManagerService: Ignore redundant display event 0/4 to 10277/8829
12-09 15:06:55.577  1378  1510 D DisplayManagerService: Ignore redundant display event 0/4 to 10293/12051
12-09 15:06:55.577  1378  1510 D DisplayManagerService: Ignore redundant display event 0/4 to 10204/12598
12-09 15:06:55.577  1378  1510 D DisplayManagerService: Ignore redundant display event 0/4 to 10176/12937
12-09 15:06:55.577  1378  1510 D DisplayManagerService: Ignore redundant display event 0/4 to 10191/23580
12-09 15:06:55.578  1378  1510 D DisplayManagerService: Ignore redundant display event 0/4 to 10082/25575
12-09 15:06:55.578  1378  1510 D DisplayManagerService: Ignore redundant display event 0/4 to 10274/28497
12-09 15:06:55.581  1378  1510 I DisplayDeviceRepository: Display device changed state: "Built-in Screen", OFF
12-09 15:06:55.583  1378  1559 D BrightnessThermalClamper: Thermal status observer already started
12-09 15:06:55.586  1378  1508 I DisplayDevice: [0] Layerstack set to -1 for local:4619827677550801152
12-09 15:06:55.759   875  1869 I Lyric   : spectral_driver.cc:137: Ambient light sampling has been disabled. Stream consumer count: 0
12-09 15:06:55.763  1378  1510 D DisplayManagerService: Ignore redundant display event 0/2 to 10125/5310
12-09 15:06:55.763  1378  1510 D DisplayManagerService: Ignore redundant display event 0/2 to 10126/6201
12-09 15:06:55.763  1378  1510 D DisplayManagerService: Ignore redundant display event 0/2 to 10197/6799
12-09 15:06:55.763  1378  1510 D DisplayManagerService: Ignore redundant display event 0/2 to 10088/6838
12-09 15:06:55.764  1378  1510 D DisplayManagerService: Ignore redundant display event 0/2 to 10277/8829
12-09 15:06:55.764  1378  1510 D DisplayManagerService: Ignore redundant display event 0/2 to 10293/12051
12-09 15:06:55.764  1378  1510 D DisplayManagerService: Ignore redundant display event 0/2 to 10204/12598
12-09 15:06:55.764  1378  1510 D DisplayManagerService: Ignore redundant display event 0/2 to 10176/12937
12-09 15:06:55.764  1378  1510 D DisplayManagerService: Ignore redundant display event 0/2 to 10191/23580
12-09 15:06:55.764  1378  1510 D DisplayManagerService: Ignore redundant display event 0/2 to 10082/25575
12-09 15:06:55.765  1378  1510 D DisplayManagerService: Ignore redundant display event 0/2 to 10274/28497
12-09 15:06:55.767  1378  1559 D BrightnessThermalClamper: Thermal status observer already started
12-09 15:06:55.768  1378  1559 I DreamManagerService: Entering dreamland.
12-09 15:06:55.771  1378  1559 I PowerManagerService: Dozing...
12-09 15:06:55.776  1378  1507 I DreamController: Starting dream: name=ComponentInfo{com.android.systemui/com.android.systemui.doze.DozeService}, isPreviewMode=false, canDoze=true, userId=0, reason='power manager request'
12-09 15:06:55.802  2004  2004 V DreamService[DozeService]: UpdateDoze mDozeScreenState=1 mDozeScreenBrightness=34
12-09 15:06:55.833  1378  1559 I DisplayPowerController2[0]: BrightnessEvent: disp=0, physDisp=local:4619827677550801152, displayState=OFF, displayPolicy=DOZE, brt=0.0, initBrt=0.0, rcmdBrt=NaN, preBrt=NaN, lux=0.0, preLux=0.0, hbmMax=0.6, hbmMode=off, rbcStrength=50, thrmMax=1.0, powerFactor=1.0, wasShortTermModelActive=false, flags=, reason=screen_off, autoBrightness=true, strategy=ScreenOffBrightnessStrategy, autoBrightnessMode=default
12-09 15:06:55.848  1378  1378 I PowerManagerService: onFlip(): Face up.
12-09 15:06:55.857  1378  1960 I MR2ServiceImpl: Updating composite discovery preference | preference: RouteDiscoveryRequest{ preferredFeatures={}, activeScan=false }, active routers: []
12-09 15:06:55.930  1378  2383 W AppOps  : Noting op not finished: uid 10149 pkg com.google.android.gms code 79 startTime of in progress event=1733735252854
12-09 15:06:55.934  1378  4937 W AppOps  : Noting op not finished: uid 10149 pkg com.google.android.gms code 113 startTime of in progress event=1733735252854
12-09 15:06:55.940  1378  2383 W AppOps  : Noting op not finished: uid 10149 pkg com.google.android.gms code 113 startTime of in progress event=1733735252854
12-09 15:06:55.943  1378  3411 W AppOps  : Noting op not finished: uid 10149 pkg com.google.android.gms code 113 startTime of in progress event=1733735252854
12-09 15:06:55.948  1378  3411 W AppOps  : Noting op not finished: uid 10149 pkg com.google.android.gms code 113 startTime of in progress event=1733735252854
12-09 15:06:56.010  1104  1104 W wificond: Failed to get NL80211_ATTR_MAX_NUM_AKM_SUITES
12-09 15:06:56.012  1104  1104 W wificond: Failed to get NL80211_ATTR_MAX_NUM_AKM_SUITES
12-09 15:06:56.013  1104  1104 W wificond: Failed to get NL80211_ATTR_MAX_NUM_AKM_SUITES
12-09 15:06:56.014  1104  1104 W wificond: Failed to get NL80211_ATTR_MAX_NUM_AKM_SUITES
12-09 15:06:57.079  1378  1960 I MR2ServiceImpl: Updating composite discovery preference | preference: RouteDiscoveryRequest{ preferredFeatures={}, activeScan=false }, active routers: []
12-09 15:06:58.597  1378 10809 I PowerGroup: Waking up power group from Dozing (groupId=0, uid=10225, reason=WAKE_REASON_LIFT, details=com.android.systemui:NODOZE pickup)...
12-09 15:06:58.599  1378 10809 I PowerManagerService: Waking up from Dozing (uid=10225, reason=WAKE_REASON_LIFT, details=com.android.systemui:NODOZE pickup)...
12-09 15:06:58.610  1378  1559 I DisplayPowerController2[0]: Blocking screen on until initial contents have been drawn.
12-09 15:06:58.611  1378  1559 I DisplayBrightnessStrategySelector: Changing the DisplayBrightnessStrategy from ScreenOffBrightnessStrategy to InvalidBrightnessStrategy for display 0
12-09 15:06:58.616  1378  4937 D CoreBackPreview: Window{8aba62f u0 NotificationShade}: Setting back callback OnBackInvokedCallbackInfo{mCallback=android.window.IOnBackInvokedCallback$Stub$Proxy@866b51c, mPriority=0, mIsAnimationCallback=false}
12-09 15:06:58.617  1378  1960 I MR2ServiceImpl: Updating composite discovery preference | preference: RouteDiscoveryRequest{ preferredFeatures={}, activeScan=false }, active routers: []
12-09 15:06:58.663  1378  1559 V DisplayPowerController2[0]: Brightness [0.02657605] reason changing to: 'screen_off_brightness_sensor', previous reason: 'screen_off'.
12-09 15:06:58.663  1378  1559 I DisplayPowerController2[0]: BrightnessEvent: disp=0, physDisp=local:4619827677550801152, displayState=ON, displayPolicy=BRIGHT, brt=0.02657605, initBrt=0.0, rcmdBrt=NaN, preBrt=NaN, lux=NaN, preLux=NaN, hbmMax=0.6, hbmMode=off, rbcStrength=50, thrmMax=1.0, powerFactor=1.0, wasShortTermModelActive=false, flags=invalid_lux , reason=screen_off_brightness_sensor, autoBrightness=true, strategy=InvalidBrightnessStrategy, autoBrightnessMode=default
12-09 15:06:58.667  1378  1378 I BrightnessSynchronizer: [260] New Update 0.02657605(f) set brightness values:  8(i)
12-09 15:06:58.668  1378  1510 I DisplayDeviceRepository: Display device changed state: "Built-in Screen", ON
12-09 15:06:58.673  1378  1511 I DisplayDevice: [0] Layerstack set to 0 for local:4619827677550801152
12-09 15:06:58.680  1378  1960 I MR2ServiceImpl: Updating composite discovery preference | preference: RouteDiscoveryRequest{ preferredFeatures={}, activeScan=false }, active routers: []
12-09 15:06:58.683  1378  1559 V DisplayPowerController2[0]: Brightness [0.035780616] reason changing to: 'automatic', previous reason: 'screen_off_brightness_sensor'.
12-09 15:06:58.683  1378  1559 I DisplayPowerController2[0]: BrightnessEvent: disp=0, physDisp=local:4619827677550801152, displayState=ON, displayPolicy=BRIGHT, brt=0.035780616, initBrt=0.02657605, rcmdBrt=0.035780616, preBrt=NaN, lux=7.8941607, preLux=NaN, hbmMax=0.6, hbmMode=off, rbcStrength=50, thrmMax=1.0, powerFactor=1.0, wasShortTermModelActive=false, flags=, reason=automatic, autoBrightness=true, strategy=InvalidBrightnessStrategy, autoBrightnessMode=default
12-09 15:06:58.684  1378  1559 I DisplayPowerController2[0]: Unblocked screen on after 74 ms
12-09 15:06:58.685  1378  1559 D BrightnessThermalClamper: Thermal status observer already started
12-09 15:06:58.689  1378  1378 I BrightnessSynchronizer: Swallowing update of 8(i) by update: {[260] 0.02657605(f), mUpdatedTypes=1, mConfirmedTypes=1, mTimeUpdated=15668926}
12-09 15:06:58.689  1378  1378 I BrightnessSynchronizer: Completed Update: {[260] 0.02657605(f), mUpdatedTypes=1, mConfirmedTypes=1, mTimeUpdated=15668926}
12-09 15:06:58.693  1378  1378 I BrightnessSynchronizer: [261] New Update 0.035780616(f) set brightness values:  10(i)
12-09 15:06:58.702  1378  1378 I BrightnessSynchronizer: Swallowing update of 10(i) by update: {[261] 0.035780616(f), mUpdatedTypes=1, mConfirmedTypes=1, mTimeUpdated=15668952}
12-09 15:06:58.702  1378  1378 I BrightnessSynchronizer: Completed Update: {[261] 0.035780616(f), mUpdatedTypes=1, mConfirmedTypes=1, mTimeUpdated=15668952}
12-09 15:06:58.842   875  1869 I Lyric   : spectral_driver.cc:150: Ambient light sampling enabled with mode: 2 stream consumer count: 0
12-09 15:06:58.854  1378  1559 W PowerManagerService: Screen on took 258 ms
12-09 15:06:58.856  1378  1559 D BrightnessThermalClamper: Thermal status observer already started
12-09 15:06:58.856  1378  1559 I DreamManagerService: Gently waking up from dream.
12-09 15:06:58.885  1378  2379 I DreamManagerService: Leaving dreamland.
12-09 15:06:58.885  2004  2021 D ShellSplitScreen: onFinishedWakingUp
12-09 15:06:58.894  1378  1507 I DreamController: Stopping dream: name=ComponentInfo{com.android.systemui/com.android.systemui.doze.DozeService}, isPreviewMode=false, canDoze=true, userId=0, reason='finished self'(from 'power manager request')
12-09 15:07:00.299  1378  1378 I ContentCaptureManagerService: Content capture data sharing session terminated successfully for package 'com.google.android.googlequicksearchbox'
12-09 15:07:03.459  1378  1559 I DisplayPowerController2[0]: BrightnessEvent: disp=0, physDisp=local:4619827677550801152, displayState=ON, displayPolicy=BRIGHT, brt=0.07229399, initBrt=0.035780616, rcmdBrt=0.07229399, preBrt=0.035780616, lux=38.77555, preLux=7.8941607, hbmMax=0.6, hbmMode=off, rbcStrength=50, thrmMax=1.0, powerFactor=1.0, wasShortTermModelActive=false, flags=, reason=automatic, autoBrightness=true, strategy=InvalidBrightnessStrategy, autoBrightnessMode=default
12-09 15:07:03.462  1378  1378 I BrightnessSynchronizer: [262] New Update 0.07229399(f) set brightness values:  19(i)
12-09 15:07:03.464  1378  1378 I BrightnessSynchronizer: Swallowing update of 19(i) by update: {[262] 0.07229399(f), mUpdatedTypes=1, mConfirmedTypes=1, mTimeUpdated=15673722}
12-09 15:07:03.464  1378  1378 I BrightnessSynchronizer: Completed Update: {[262] 0.07229399(f), mUpdatedTypes=1, mConfirmedTypes=1, mTimeUpdated=15673722}
12-09 15:07:06.601  1378  1559 V DisplayPowerController2[0]: Brightness [0.03229399] reason changing to: 'automatic [ dim ]', previous reason: 'automatic'.
12-09 15:07:06.601  1378  1559 I DisplayPowerController2[0]: BrightnessEvent: disp=0, physDisp=local:4619827677550801152, displayState=ON, displayPolicy=DIM, brt=0.03229399, initBrt=0.07229399, rcmdBrt=0.07229399, preBrt=0.035780616, lux=38.77555, preLux=7.8941607, hbmMax=0.6, hbmMode=off, rbcStrength=50, thrmMax=1.0, powerFactor=1.0, wasShortTermModelActive=false, flags=, reason=automatic [ dim ], autoBrightness=true, strategy=InvalidBrightnessStrategy, autoBrightnessMode=default
12-09 15:07:06.603  1378  1510 D DisplayManagerService: Ignore redundant display event 0/4 to 10125/5310
